Component: ARM Compiler 5.05 update 2 (build 169) Tool: armlink [4d0f33]

==============================================================================

Section Cross References

    main.o(i.Timer0A_Handler) refers to main.o(.data) for disp_flag
    main.o(i.WideTimer0A_Handler) refers to dflt_clz.o(x$fpl$dfltu) for __aeabi_ui2d
    main.o(i.WideTimer0A_Handler) refers to dmul.o(x$fpl$dmul) for __aeabi_dmul
    main.o(i.WideTimer0A_Handler) refers to d2f.o(x$fpl$d2f) for __aeabi_d2f
    main.o(i.WideTimer0A_Handler) refers to fflt_clz.o(x$fpl$fflt) for __aeabi_i2f
    main.o(i.WideTimer0A_Handler) refers to fmul.o(x$fpl$fmul) for __aeabi_fmul
    main.o(i.WideTimer0A_Handler) refers to faddsub_clz.o(x$fpl$fadd) for __aeabi_fadd
    main.o(i.WideTimer0A_Handler) refers to fdiv.o(x$fpl$fdiv) for __aeabi_fdiv
    main.o(i.WideTimer0A_Handler) refers to fifo.o(i.fifo_put) for fifo_put
    main.o(i.WideTimer0A_Handler) refers to fifo.o(i.fifo_get) for fifo_get
    main.o(i.WideTimer0A_Handler) refers to faddsub_clz.o(x$fpl$frsb) for __aeabi_frsub
    main.o(i.WideTimer0A_Handler) refers to main.o(.data) for cap_val
    main.o(i.WideTimer0A_Handler) refers to main.o(.bss) for fifo
    main.o(i.WideTimer1B_Handler) refers to dflt_clz.o(x$fpl$dfltu) for __aeabi_ui2d
    main.o(i.WideTimer1B_Handler) refers to dmul.o(x$fpl$dmul) for __aeabi_dmul
    main.o(i.WideTimer1B_Handler) refers to d2f.o(x$fpl$d2f) for __aeabi_d2f
    main.o(i.WideTimer1B_Handler) refers to fflt_clz.o(x$fpl$fflt) for __aeabi_i2f
    main.o(i.WideTimer1B_Handler) refers to fmul.o(x$fpl$fmul) for __aeabi_fmul
    main.o(i.WideTimer1B_Handler) refers to faddsub_clz.o(x$fpl$fadd) for __aeabi_fadd
    main.o(i.WideTimer1B_Handler) refers to fdiv.o(x$fpl$fdiv) for __aeabi_fdiv
    main.o(i.WideTimer1B_Handler) refers to fifo.o(i.fifo_put) for fifo_put
    main.o(i.WideTimer1B_Handler) refers to fifo.o(i.fifo_get) for fifo_get
    main.o(i.WideTimer1B_Handler) refers to faddsub_clz.o(x$fpl$frsb) for __aeabi_frsub
    main.o(i.WideTimer1B_Handler) refers to main.o(.data) for cap_val1
    main.o(i.WideTimer1B_Handler) refers to main.o(.bss) for fifo
    main.o(i.main) refers to pll.o(i.PLL_Init) for PLL_Init
    main.o(i.main) refers to systick.o(i.SysTick_Init) for SysTick_Init
    main.o(i.main) refers to main.o(i.Switch_Init) for Switch_Init
    main.o(i.main) refers to uart.o(i.UART5_Init) for UART5_Init
    main.o(i.main) refers to fifo.o(i.fifo_init) for fifo_init
    main.o(i.main) refers to main.o(i.WideTimer0A_Init) for WideTimer0A_Init
    main.o(i.main) refers to main.o(i.Timer0_Init) for Timer0_Init
    main.o(i.main) refers to main.o(i.PWM_QEI_Init) for PWM_QEI_Init
    main.o(i.main) refers to main.o(i.QEI_Init) for QEI_Init
    main.o(i.main) refers to startup_tm4c123.o(.text) for EnableInterrupts
    main.o(i.main) refers to main.o(i.PWM) for PWM
    main.o(i.main) refers to main.o(i.PWM2) for PWM2
    main.o(i.main) refers to f2d.o(x$fpl$f2d) for __aeabi_f2d
    main.o(i.main) refers to dmul.o(x$fpl$dmul) for __aeabi_dmul
    main.o(i.main) refers to ddiv.o(x$fpl$ddiv) for __aeabi_ddiv
    main.o(i.main) refers to dfixu.o(x$fpl$dfixu) for __aeabi_d2uiz
    main.o(i.main) refers to uart.o(i.UART_OutUDec) for UART_OutUDec
    main.o(i.main) refers to uart.o(i.Print_Space) for Print_Space
    main.o(i.main) refers to uart.o(i.New_Line) for New_Line
    main.o(i.main) refers to main.o(.bss) for time_queue
    main.o(i.main) refers to main.o(.data) for disp_flag
    startup_tm4c123.o(STACK) refers (Special) to heapauxi.o(.text) for __use_two_region_memory
    startup_tm4c123.o(HEAP) refers (Special) to heapauxi.o(.text) for __use_two_region_memory
    startup_tm4c123.o(RESET) refers (Special) to heapauxi.o(.text) for __use_two_region_memory
    startup_tm4c123.o(RESET) refers to startup_tm4c123.o(STACK) for StackMem
    startup_tm4c123.o(RESET) refers to main.o(i.Timer0A_Handler) for Timer0A_Handler
    startup_tm4c123.o(RESET) refers to main.o(i.WideTimer0A_Handler) for WideTimer0A_Handler
    startup_tm4c123.o(RESET) refers to main.o(i.WideTimer1B_Handler) for WideTimer1B_Handler
    startup_tm4c123.o(RESET) refers to __main.o(!!!main) for __main
    startup_tm4c123.o(.text) refers (Special) to heapauxi.o(.text) for __use_two_region_memory
    startup_tm4c123.o(.text) refers to startup_tm4c123.o(HEAP) for HeapMem
    startup_tm4c123.o(.text) refers to startup_tm4c123.o(STACK) for StackMem
    queue_lib.o(i.createQueue) refers to h1_alloc.o(.text) for malloc
    queue_lib.o(i.enQueue) refers to queue_lib.o(i.newNode) for newNode
    queue_lib.o(i.newNode) refers to h1_alloc.o(.text) for malloc
    systick.o(i.SysTick_Wait10ms) refers to systick.o(i.SysTick_Wait) for SysTick_Wait
    uart.o(i.New_Line) refers to uart.o(i.UART1_OutChar) for UART1_OutChar
    uart.o(i.New_Line) refers to uart.o(i.UART2_OutChar) for UART2_OutChar
    uart.o(i.New_Line) refers to uart.o(i.UART3_OutChar) for UART3_OutChar
    uart.o(i.New_Line) refers to uart.o(i.UART4_OutChar) for UART4_OutChar
    uart.o(i.New_Line) refers to uart.o(i.UART5_OutChar) for UART5_OutChar
    uart.o(i.New_Line) refers to uart.o(i.UART7_OutChar) for UART7_OutChar
    uart.o(i.Print_Space) refers to uart.o(i.UART1_OutChar) for UART1_OutChar
    uart.o(i.Print_Space) refers to uart.o(i.UART2_OutChar) for UART2_OutChar
    uart.o(i.Print_Space) refers to uart.o(i.UART3_OutChar) for UART3_OutChar
    uart.o(i.Print_Space) refers to uart.o(i.UART4_OutChar) for UART4_OutChar
    uart.o(i.Print_Space) refers to uart.o(i.UART5_OutChar) for UART5_OutChar
    uart.o(i.Print_Space) refers to uart.o(i.UART7_OutChar) for UART7_OutChar
    uart.o(i.UART_OutUDec) refers to uart.o(i.UART1_OutChar) for UART1_OutChar
    uart.o(i.UART_OutUDec) refers to uart.o(i.UART2_OutChar) for UART2_OutChar
    uart.o(i.UART_OutUDec) refers to uart.o(i.UART3_OutChar) for UART3_OutChar
    uart.o(i.UART_OutUDec) refers to uart.o(i.UART4_OutChar) for UART4_OutChar
    uart.o(i.UART_OutUDec) refers to uart.o(i.UART5_OutChar) for UART5_OutChar
    uart.o(i.UART_OutUDec) refers to uart.o(i.UART7_OutChar) for UART7_OutChar
    malloc.o(.text) refers (Special) to hguard.o(.text) for __heap$guard
    malloc.o(.text) refers (Special) to init_alloc.o(.text) for _init_alloc
    malloc.o(.text) refers to rt_heap_descriptor_intlibspace.o(.text) for __rt_heap_descriptor
    malloc.o(.text) refers to heapstubs.o(.text) for __Heap_Alloc
    h1_alloc.o(.text) refers (Special) to h1_init.o(.text) for __Heap_Initialize
    h1_alloc.o(.text) refers to rt_heap_descriptor_intlibspace.o(.text) for __rt_heap_descriptor
    h1_alloc.o(.text) refers to init_alloc.o(.text) for __Heap_Full
    h1_alloc_mt.o(.text) refers (Special) to h1_init.o(.text) for __Heap_Initialize
    h1_alloc_mt.o(.text) refers to init_alloc.o(.text) for __Heap_Full
    h1_alloc_mt.o(.text) refers to rt_heap_descriptor_intlibspace.o(.text) for __rt_heap_descriptor
    heap2.o(i._FDIterate) refers to heap2.o(.conststring) for .conststring
    heap2.o(i.___Heap_ProvideMemory$realtime) refers to fdtree.o(i._FDTree_Delete) for _FDTree_Delete
    heap2.o(i.___Heap_ProvideMemory$realtime) refers to fdtree.o(i._FDTree_Insert) for _FDTree_Insert
    heap2.o(i.___Heap_Stats$realtime) refers to heap2.o(i._Heap2_StatsIterate) for _Heap2_StatsIterate
    heap2.o(i.___Heap_Valid$realtime) refers to heap2.o(i._FDIterate) for _FDIterate
    heap2.o(i.___Heap_Valid$realtime) refers to heap2.o(.conststring) for .conststring
    heap2.o(i._free$realtime) refers to rt_heap_descriptor_intlibspace.o(.text) for __rt_heap_descriptor
    heap2.o(i._free$realtime) refers to fdtree.o(i._FDTree_Delete) for _FDTree_Delete
    heap2.o(i._free$realtime) refers to fdtree.o(i._FDTree_Insert) for _FDTree_Insert
    heap2.o(i._malloc$realtime) refers to rt_heap_descriptor_intlibspace.o(.text) for __rt_heap_descriptor
    heap2.o(i._malloc$realtime) refers to fdtree.o(i._FDTree_FindFirst) for _FDTree_FindFirst
    heap2.o(i._malloc$realtime) refers to init_alloc.o(.text) for __Heap_Full
    heap2.o(i._malloc$realtime) refers to fdtree.o(i._FDTree_RemoveNode) for _FDTree_RemoveNode
    heap2.o(i._malloc$realtime) refers to fdtree.o(i._FDTree_Insert) for _FDTree_Insert
    heap2.o(i._posix_memalign$realtime) refers to rt_heap_descriptor_intlibspace.o(.text) for __rt_heap_descriptor
    heap2.o(i._posix_memalign$realtime) refers to fdtree.o(i._FDTree_FindFirst) for _FDTree_FindFirst
    heap2.o(i._posix_memalign$realtime) refers to init_alloc.o(.text) for __Heap_Full
    heap2.o(i._posix_memalign$realtime) refers to fdtree.o(i._FDTree_RemoveNode) for _FDTree_RemoveNode
    heap2.o(i._posix_memalign$realtime) refers to fdtree.o(i._FDTree_Insert) for _FDTree_Insert
    heap2.o(i._realloc$realtime) refers to rt_heap_descriptor_intlibspace.o(.text) for __rt_heap_descriptor
    heap2.o(i._realloc$realtime) refers to fdtree.o(i._FDTree_Insert) for _FDTree_Insert
    heap2.o(i._realloc$realtime) refers to h1_free.o(.text) for free
    heap2.o(i._realloc$realtime) refers to h1_alloc.o(.text) for malloc
    heap2.o(i._realloc$realtime) refers to fdtree.o(i._FDTree_Delete) for _FDTree_Delete
    heap2.o(i._realloc$realtime) refers to rt_memcpy_w.o(.text) for __aeabi_memcpy4
    heap2mt.o(i._FDIterate) refers to heap2mt.o(.conststring) for .conststring
    heap2mt.o(i.___Heap_Initialize$realtime$concurrent) refers to mutex_dummy.o(.text) for _mutex_initialize
    heap2mt.o(i.___Heap_ProvideMemory$realtime$concurrent) refers to fdtree.o(i._FDTree_Delete) for _FDTree_Delete
    heap2mt.o(i.___Heap_ProvideMemory$realtime$concurrent) refers to fdtree.o(i._FDTree_Insert) for _FDTree_Insert
    heap2mt.o(i.___Heap_Stats$realtime$concurrent) refers to heap2mt.o(i._Heap2_StatsIterate) for _Heap2_StatsIterate
    heap2mt.o(i.___Heap_Valid$realtime$concurrent) refers to heap2mt.o(i._FDIterate) for _FDIterate
    heap2mt.o(i.___Heap_Valid$realtime$concurrent) refers to heap2mt.o(.conststring) for .conststring
    heap2mt.o(i._free$realtime$concurrent) refers to rt_heap_descriptor_intlibspace.o(.text) for __rt_heap_descriptor
    heap2mt.o(i._free$realtime$concurrent) refers to fdtree.o(i._FDTree_Delete) for _FDTree_Delete
    heap2mt.o(i._free$realtime$concurrent) refers to fdtree.o(i._FDTree_Insert) for _FDTree_Insert
    heap2mt.o(i._malloc$realtime$concurrent) refers to rt_heap_descriptor_intlibspace.o(.text) for __rt_heap_descriptor
    heap2mt.o(i._malloc$realtime$concurrent) refers to fdtree.o(i._FDTree_FindFirst) for _FDTree_FindFirst
    heap2mt.o(i._malloc$realtime$concurrent) refers to init_alloc.o(.text) for __Heap_Full
    heap2mt.o(i._malloc$realtime$concurrent) refers to fdtree.o(i._FDTree_RemoveNode) for _FDTree_RemoveNode
    heap2mt.o(i._malloc$realtime$concurrent) refers to fdtree.o(i._FDTree_Insert) for _FDTree_Insert
    heap2mt.o(i._posix_memalign$realtime$concurrent) refers to rt_heap_descriptor_intlibspace.o(.text) for __rt_heap_descriptor
    heap2mt.o(i._posix_memalign$realtime$concurrent) refers to fdtree.o(i._FDTree_FindFirst) for _FDTree_FindFirst
    heap2mt.o(i._posix_memalign$realtime$concurrent) refers to init_alloc.o(.text) for __Heap_Full
    heap2mt.o(i._posix_memalign$realtime$concurrent) refers to fdtree.o(i._FDTree_RemoveNode) for _FDTree_RemoveNode
    heap2mt.o(i._posix_memalign$realtime$concurrent) refers to fdtree.o(i._FDTree_Insert) for _FDTree_Insert
    heap2mt.o(i._realloc$realtime$concurrent) refers to rt_heap_descriptor_intlibspace.o(.text) for __rt_heap_descriptor
    heap2mt.o(i._realloc$realtime$concurrent) refers to fdtree.o(i._FDTree_Insert) for _FDTree_Insert
    heap2mt.o(i._realloc$realtime$concurrent) refers to h1_free.o(.text) for free
    heap2mt.o(i._realloc$realtime$concurrent) refers to h1_alloc.o(.text) for malloc
    heap2mt.o(i._realloc$realtime$concurrent) refers to fdtree.o(i._FDTree_Delete) for _FDTree_Delete
    heap2mt.o(i._realloc$realtime$concurrent) refers to rt_memcpy_w.o(.text) for __aeabi_memcpy4
    __main.o(!!!main) refers to __rtentry.o(.ARM.Collect$$rtentry$$00000000) for __rt_entry
    d2f.o(x$fpl$d2f) refers (Special) to usenofp.o(x$fpl$usenofp) for __I$use$fp
    d2f.o(x$fpl$d2f) refers to fretinf.o(x$fpl$fretinf) for __fpl_fretinf
    d2f.o(x$fpl$d2f) refers to dnaninf.o(x$fpl$dnaninf) for __fpl_dnaninf
    ddiv.o(x$fpl$drdiv) refers (Special) to usenofp.o(x$fpl$usenofp) for __I$use$fp
    ddiv.o(x$fpl$drdiv) refers to ddiv.o(x$fpl$ddiv) for ddiv_entry
    ddiv.o(x$fpl$ddiv) refers (Special) to usenofp.o(x$fpl$usenofp) for __I$use$fp
    ddiv.o(x$fpl$ddiv) refers to dretinf.o(x$fpl$dretinf) for __fpl_dretinf
    ddiv.o(x$fpl$ddiv) refers to dnaninf.o(x$fpl$dnaninf) for __fpl_dnaninf
    dfixu.o(x$fpl$dfixu) refers (Special) to usenofp.o(x$fpl$usenofp) for __I$use$fp
    dfixu.o(x$fpl$dfixu) refers to dnaninf.o(x$fpl$dnaninf) for __fpl_dnaninf
    dfixu.o(x$fpl$dfixur) refers (Special) to usenofp.o(x$fpl$usenofp) for __I$use$fp
    dfixu.o(x$fpl$dfixur) refers to dnaninf.o(x$fpl$dnaninf) for __fpl_dnaninf
    dflt_clz.o(x$fpl$dfltu) refers (Special) to usenofp.o(x$fpl$usenofp) for __I$use$fp
    dflt_clz.o(x$fpl$dflt) refers (Special) to usenofp.o(x$fpl$usenofp) for __I$use$fp
    dflt_clz.o(x$fpl$dfltn) refers (Special) to usenofp.o(x$fpl$usenofp) for __I$use$fp
    dmul.o(x$fpl$dmul) refers (Special) to usenofp.o(x$fpl$usenofp) for __I$use$fp
    dmul.o(x$fpl$dmul) refers to dretinf.o(x$fpl$dretinf) for __fpl_dretinf
    dmul.o(x$fpl$dmul) refers to dnaninf.o(x$fpl$dnaninf) for __fpl_dnaninf
    f2d.o(x$fpl$f2d) refers (Special) to usenofp.o(x$fpl$usenofp) for __I$use$fp
    f2d.o(x$fpl$f2d) refers to fnaninf.o(x$fpl$fnaninf) for __fpl_fnaninf
    f2d.o(x$fpl$f2d) refers to dretinf.o(x$fpl$dretinf) for __fpl_dretinf
    faddsub_clz.o(x$fpl$fadd) refers (Special) to usenofp.o(x$fpl$usenofp) for __I$use$fp
    faddsub_clz.o(x$fpl$fadd) refers to faddsub_clz.o(x$fpl$fsub) for _fsub1
    faddsub_clz.o(x$fpl$fadd) refers to fretinf.o(x$fpl$fretinf) for __fpl_fretinf
    faddsub_clz.o(x$fpl$fadd) refers to fnaninf.o(x$fpl$fnaninf) for __fpl_fnaninf
    faddsub_clz.o(x$fpl$frsb) refers (Special) to usenofp.o(x$fpl$usenofp) for __I$use$fp
    faddsub_clz.o(x$fpl$frsb) refers to faddsub_clz.o(x$fpl$fadd) for _fadd1
    faddsub_clz.o(x$fpl$frsb) refers to faddsub_clz.o(x$fpl$fsub) for _fsub1
    faddsub_clz.o(x$fpl$fsub) refers (Special) to usenofp.o(x$fpl$usenofp) for __I$use$fp
    faddsub_clz.o(x$fpl$fsub) refers to faddsub_clz.o(x$fpl$fadd) for _fadd1
    faddsub_clz.o(x$fpl$fsub) refers to fnaninf.o(x$fpl$fnaninf) for __fpl_fnaninf
    fdiv.o(x$fpl$frdiv) refers (Special) to usenofp.o(x$fpl$usenofp) for __I$use$fp
    fdiv.o(x$fpl$frdiv) refers to fdiv.o(x$fpl$fdiv) for _fdiv1
    fdiv.o(x$fpl$fdiv) refers (Special) to usenofp.o(x$fpl$usenofp) for __I$use$fp
    fdiv.o(x$fpl$fdiv) refers to fretinf.o(x$fpl$fretinf) for __fpl_fretinf
    fdiv.o(x$fpl$fdiv) refers to fnaninf.o(x$fpl$fnaninf) for __fpl_fnaninf
    fflt_clz.o(x$fpl$ffltu) refers (Special) to usenofp.o(x$fpl$usenofp) for __I$use$fp
    fflt_clz.o(x$fpl$fflt) refers (Special) to usenofp.o(x$fpl$usenofp) for __I$use$fp
    fflt_clz.o(x$fpl$ffltn) refers (Special) to usenofp.o(x$fpl$usenofp) for __I$use$fp
    fmul.o(x$fpl$fmul) refers (Special) to usenofp.o(x$fpl$usenofp) for __I$use$fp
    fmul.o(x$fpl$fmul) refers to fretinf.o(x$fpl$fretinf) for __fpl_fretinf
    fmul.o(x$fpl$fmul) refers to fnaninf.o(x$fpl$fnaninf) for __fpl_fnaninf
    __rtentry.o(.ARM.Collect$$rtentry$$00000000) refers (Special) to __rtentry2.o(.ARM.Collect$$rtentry$$0000000A) for __rt_entry_li
    __rtentry.o(.ARM.Collect$$rtentry$$00000000) refers (Special) to __rtentry2.o(.ARM.Collect$$rtentry$$0000000D) for __rt_entry_main
    __rtentry.o(.ARM.Collect$$rtentry$$00000000) refers (Special) to __rtentry2.o(.ARM.Collect$$rtentry$$0000000C) for __rt_entry_postli_1
    __rtentry.o(.ARM.Collect$$rtentry$$00000000) refers (Special) to __rtentry2.o(.ARM.Collect$$rtentry$$00000009) for __rt_entry_postsh_1
    __rtentry.o(.ARM.Collect$$rtentry$$00000000) refers (Special) to __rtentry2.o(.ARM.Collect$$rtentry$$00000002) for __rt_entry_presh_1
    __rtentry.o(.ARM.Collect$$rtentry$$00000000) refers (Special) to __rtentry4.o(.ARM.Collect$$rtentry$$00000004) for __rt_entry_sh
    rt_heap_descriptor.o(.text) refers to rt_heap_descriptor.o(.bss) for __rt_heap_descriptor_data
    rt_heap_descriptor_intlibspace.o(.text) refers to libspace.o(.bss) for __libspace_start
    init_alloc.o(.text) refers (Special) to hguard.o(.text) for __heap$guard
    init_alloc.o(.text) refers (Special) to libinit2.o(.ARM.Collect$$libinit$$00000005) for __rt_lib_init_heap_2
    init_alloc.o(.text) refers (Special) to maybetermalloc1.o(.emb_text) for _maybe_terminate_alloc
    init_alloc.o(.text) refers to h1_extend.o(.text) for __Heap_ProvideMemory
    init_alloc.o(.text) refers to defsig_rtmem_outer.o(.text) for __rt_SIGRTMEM
    init_alloc.o(.text) refers to rt_heap_descriptor_intlibspace.o(.text) for __rt_heap_descriptor
    init_alloc.o(.text) refers to h1_init.o(.text) for __Heap_Initialize
    free.o(.text) refers (Special) to hguard.o(.text) for __heap$guard
    free.o(.text) refers to rt_heap_descriptor_intlibspace.o(.text) for __rt_heap_descriptor
    free.o(.text) refers to heapstubs.o(.text) for __Heap_Free
    h1_free.o(.text) refers to rt_heap_descriptor_intlibspace.o(.text) for __rt_heap_descriptor
    h1_init_mt.o(.text) refers to mutex_dummy.o(.text) for _mutex_initialize
    h1_free_mt.o(.text) refers to rt_heap_descriptor_intlibspace.o(.text) for __rt_heap_descriptor
    _get_argv.o(.text) refers (Special) to hrguard.o(.text) for __heap_region$guard
    _get_argv.o(.text) refers to h1_alloc.o(.text) for malloc
    _get_argv.o(.text) refers to defsig_rtmem_outer.o(.text) for __rt_SIGRTMEM
    _get_argv.o(.text) refers to sys_command.o(.text) for _sys_command_string
    libinit2.o(.ARM.Collect$$libinit$$00000005) refers (Weak) to init_alloc.o(.text) for _init_alloc
    libinit2.o(.ARM.Collect$$libinit$$00000010) refers to libinit2.o(.ARM.Collect$$libinit$$0000000F) for .ARM.Collect$$libinit$$0000000F
    libinit2.o(.ARM.Collect$$libinit$$00000012) refers to libinit2.o(.ARM.Collect$$libinit$$0000000F) for .ARM.Collect$$libinit$$0000000F
    libinit2.o(.ARM.Collect$$libinit$$00000014) refers to libinit2.o(.ARM.Collect$$libinit$$0000000F) for .ARM.Collect$$libinit$$0000000F
    libinit2.o(.ARM.Collect$$libinit$$00000016) refers to libinit2.o(.ARM.Collect$$libinit$$0000000F) for .ARM.Collect$$libinit$$0000000F
    libinit2.o(.ARM.Collect$$libinit$$00000018) refers to libinit2.o(.ARM.Collect$$libinit$$0000000F) for .ARM.Collect$$libinit$$0000000F
    libinit2.o(.ARM.Collect$$libinit$$00000026) refers to argv_veneer.o(.emb_text) for __ARM_argv_veneer
    libinit2.o(.ARM.Collect$$libinit$$00000027) refers to argv_veneer.o(.emb_text) for __ARM_argv_veneer
    dnaninf.o(x$fpl$dnaninf) refers (Special) to usenofp.o(x$fpl$usenofp) for __I$use$fp
    dretinf.o(x$fpl$dretinf) refers (Special) to usenofp.o(x$fpl$usenofp) for __I$use$fp
    fnaninf.o(x$fpl$fnaninf) refers (Special) to usenofp.o(x$fpl$usenofp) for __I$use$fp
    fretinf.o(x$fpl$fretinf) refers (Special) to usenofp.o(x$fpl$usenofp) for __I$use$fp
    sys_command.o(.text) refers (Special) to use_no_semi.o(.text) for __I$use$semihosting
    sys_command.o(.text) refers (Special) to indicate_semi.o(.text) for __semihosting_library_function
    libspace.o(.text) refers to libspace.o(.bss) for __libspace_start
    __rtentry2.o(.ARM.Collect$$rtentry$$00000008) refers to boardinit2.o(.text) for _platform_post_stackheap_init
    __rtentry2.o(.ARM.Collect$$rtentry$$0000000A) refers to libinit.o(.ARM.Collect$$libinit$$00000000) for __rt_lib_init
    __rtentry2.o(.ARM.Collect$$rtentry$$0000000B) refers to boardinit3.o(.text) for _platform_post_lib_init
    __rtentry2.o(.ARM.Collect$$rtentry$$0000000D) refers to main.o(i.main) for main
    __rtentry2.o(.ARM.Collect$$rtentry$$0000000D) refers to exit.o(.text) for exit
    __rtentry2.o(.ARM.exidx) refers to __rtentry2.o(.ARM.Collect$$rtentry$$00000001) for .ARM.Collect$$rtentry$$00000001
    __rtentry2.o(.ARM.exidx) refers to __rtentry2.o(.ARM.Collect$$rtentry$$00000008) for .ARM.Collect$$rtentry$$00000008
    __rtentry2.o(.ARM.exidx) refers to __rtentry2.o(.ARM.Collect$$rtentry$$0000000A) for .ARM.Collect$$rtentry$$0000000A
    __rtentry2.o(.ARM.exidx) refers to __rtentry2.o(.ARM.Collect$$rtentry$$0000000B) for .ARM.Collect$$rtentry$$0000000B
    __rtentry2.o(.ARM.exidx) refers to __rtentry2.o(.ARM.Collect$$rtentry$$0000000D) for .ARM.Collect$$rtentry$$0000000D
    __rtentry4.o(.ARM.Collect$$rtentry$$00000004) refers to sys_stackheap_outer.o(.text) for __user_setup_stackheap
    __rtentry4.o(.ARM.exidx) refers to __rtentry4.o(.ARM.Collect$$rtentry$$00000004) for .ARM.Collect$$rtentry$$00000004
    maybetermalloc2.o(.emb_text) refers (Special) to term_alloc.o(.text) for _terminate_alloc
    h1_extend.o(.text) refers to h1_free.o(.text) for free
    h1_extend_mt.o(.text) refers to h1_free_mt.o(.text) for _free_internal
    defsig_rtmem_outer.o(.text) refers to defsig_rtmem_inner.o(.text) for __rt_SIGRTMEM_inner
    defsig_rtmem_outer.o(.text) refers to defsig_exit.o(.text) for __sig_exit
    defsig_rtmem_formal.o(.text) refers to rt_raise.o(.text) for __rt_raise
    heapauxa.o(.text) refers to heapauxa.o(.data) for .data
    argv_veneer.o(.emb_text) refers to no_argv.o(.text) for __ARM_get_argv
    sys_stackheap_outer.o(.text) refers to libspace.o(.text) for __user_perproc_libspace
    sys_stackheap_outer.o(.text) refers to startup_tm4c123.o(.text) for __user_initial_stackheap
    rt_raise.o(.text) refers to __raise.o(.text) for __raise
    rt_raise.o(.text) refers to sys_exit.o(.text) for _sys_exit
    term_alloc.o(.text) refers (Special) to libshutdown2.o(.ARM.Collect$$libshutdown$$0000000D) for __rt_lib_shutdown_heap_2
    term_alloc.o(.text) refers to rt_heap_descriptor_intlibspace.o(.text) for __rt_heap_descriptor
    term_alloc.o(.text) refers to h1_final.o(.text) for __Heap_Finalize
    exit.o(.text) refers to rtexit.o(.ARM.Collect$$rtexit$$00000000) for __rt_exit
    defsig_exit.o(.text) refers to sys_exit.o(.text) for _sys_exit
    defsig_rtmem_inner.o(.text) refers to defsig_general.o(.text) for __default_signal_display
    _get_argv_nomalloc.o(.text) refers (Special) to hrguard.o(.text) for __heap_region$guard
    _get_argv_nomalloc.o(.text) refers to defsig_rtmem_outer.o(.text) for __rt_SIGRTMEM
    _get_argv_nomalloc.o(.text) refers to sys_command.o(.text) for _sys_command_string
    libinit.o(.ARM.Collect$$libinit$$00000000) refers (Special) to libinit2.o(.ARM.Collect$$libinit$$0000002E) for __rt_lib_init_alloca_1
    libinit.o(.ARM.Collect$$libinit$$00000000) refers (Special) to libinit2.o(.ARM.Collect$$libinit$$0000002C) for __rt_lib_init_argv_1
    libinit.o(.ARM.Collect$$libinit$$00000000) refers (Special) to libinit2.o(.ARM.Collect$$libinit$$0000001B) for __rt_lib_init_atexit_1
    libinit.o(.ARM.Collect$$libinit$$00000000) refers (Special) to libinit2.o(.ARM.Collect$$libinit$$00000021) for __rt_lib_init_clock_1
    libinit.o(.ARM.Collect$$libinit$$00000000) refers (Special) to libinit2.o(.ARM.Collect$$libinit$$00000032) for __rt_lib_init_cpp_1
    libinit.o(.ARM.Collect$$libinit$$00000000) refers (Special) to libinit2.o(.ARM.Collect$$libinit$$00000030) for __rt_lib_init_exceptions_1
    libinit.o(.ARM.Collect$$libinit$$00000000) refers (Special) to libinit2.o(.ARM.Collect$$libinit$$00000002) for __rt_lib_init_fp_1
    libinit.o(.ARM.Collect$$libinit$$00000000) refers (Special) to libinit2.o(.ARM.Collect$$libinit$$0000001F) for __rt_lib_init_fp_trap_1
    libinit.o(.ARM.Collect$$libinit$$00000000) refers (Special) to libinit2.o(.ARM.Collect$$libinit$$00000023) for __rt_lib_init_getenv_1
    libinit.o(.ARM.Collect$$libinit$$00000000) refers (Special) to libinit2.o(.ARM.Collect$$libinit$$0000000A) for __rt_lib_init_heap_1
    libinit.o(.ARM.Collect$$libinit$$00000000) refers (Special) to libinit2.o(.ARM.Collect$$libinit$$00000011) for __rt_lib_init_lc_collate_1
    libinit.o(.ARM.Collect$$libinit$$00000000) refers (Special) to libinit2.o(.ARM.Collect$$libinit$$00000013) for __rt_lib_init_lc_ctype_1
    libinit.o(.ARM.Collect$$libinit$$00000000) refers (Special) to libinit2.o(.ARM.Collect$$libinit$$00000015) for __rt_lib_init_lc_monetary_1
    libinit.o(.ARM.Collect$$libinit$$00000000) refers (Special) to libinit2.o(.ARM.Collect$$libinit$$00000017) for __rt_lib_init_lc_numeric_1
    libinit.o(.ARM.Collect$$libinit$$00000000) refers (Special) to libinit2.o(.ARM.Collect$$libinit$$00000019) for __rt_lib_init_lc_time_1
    libinit.o(.ARM.Collect$$libinit$$00000000) refers (Special) to libinit2.o(.ARM.Collect$$libinit$$00000004) for __rt_lib_init_preinit_1
    libinit.o(.ARM.Collect$$libinit$$00000000) refers (Special) to libinit2.o(.ARM.Collect$$libinit$$0000000E) for __rt_lib_init_rand_1
    libinit.o(.ARM.Collect$$libinit$$00000000) refers (Special) to libinit2.o(.ARM.Collect$$libinit$$00000033) for __rt_lib_init_return
    libinit.o(.ARM.Collect$$libinit$$00000000) refers (Special) to libinit2.o(.ARM.Collect$$libinit$$0000001D) for __rt_lib_init_signal_1
    libinit.o(.ARM.Collect$$libinit$$00000000) refers (Special) to libinit2.o(.ARM.Collect$$libinit$$00000025) for __rt_lib_init_stdio_1
    libinit.o(.ARM.Collect$$libinit$$00000000) refers (Special) to libinit2.o(.ARM.Collect$$libinit$$0000000C) for __rt_lib_init_user_alloc_1
    sys_exit.o(.text) refers (Special) to use_no_semi.o(.text) for __I$use$semihosting
    sys_exit.o(.text) refers (Special) to indicate_semi.o(.text) for __semihosting_library_function
    rtexit.o(.ARM.Collect$$rtexit$$00000000) refers (Special) to rtexit2.o(.ARM.Collect$$rtexit$$00000004) for __rt_exit_exit
    rtexit.o(.ARM.Collect$$rtexit$$00000000) refers (Special) to rtexit2.o(.ARM.Collect$$rtexit$$00000003) for __rt_exit_ls
    rtexit.o(.ARM.Collect$$rtexit$$00000000) refers (Special) to rtexit2.o(.ARM.Collect$$rtexit$$00000002) for __rt_exit_prels_1
    rtexit.o(.ARM.exidx) refers (Special) to rtexit2.o(.ARM.Collect$$rtexit$$00000004) for __rt_exit_exit
    rtexit.o(.ARM.exidx) refers (Special) to rtexit2.o(.ARM.Collect$$rtexit$$00000003) for __rt_exit_ls
    rtexit.o(.ARM.exidx) refers (Special) to rtexit2.o(.ARM.Collect$$rtexit$$00000002) for __rt_exit_prels_1
    rtexit.o(.ARM.exidx) refers to rtexit.o(.ARM.Collect$$rtexit$$00000000) for .ARM.Collect$$rtexit$$00000000
    __raise.o(.text) refers to defsig.o(CL$$defsig) for __default_signal_handler
    defsig_general.o(.text) refers to sys_wrch.o(.text) for _ttywrch
    libshutdown2.o(.ARM.Collect$$libshutdown$$0000000C) refers (Weak) to term_alloc.o(.text) for _terminate_alloc
    sys_wrch.o(.text) refers (Special) to use_no_semi.o(.text) for __I$use$semihosting
    sys_wrch.o(.text) refers (Special) to indicate_semi.o(.text) for __semihosting_library_function
    rtexit2.o(.ARM.Collect$$rtexit$$00000003) refers to libshutdown.o(.ARM.Collect$$libshutdown$$00000000) for __rt_lib_shutdown
    rtexit2.o(.ARM.Collect$$rtexit$$00000004) refers to sys_exit.o(.text) for _sys_exit
    rtexit2.o(.ARM.exidx) refers to rtexit2.o(.ARM.Collect$$rtexit$$00000001) for .ARM.Collect$$rtexit$$00000001
    rtexit2.o(.ARM.exidx) refers to rtexit2.o(.ARM.Collect$$rtexit$$00000003) for .ARM.Collect$$rtexit$$00000003
    rtexit2.o(.ARM.exidx) refers to rtexit2.o(.ARM.Collect$$rtexit$$00000004) for .ARM.Collect$$rtexit$$00000004
    defsig.o(CL$$defsig) refers to defsig_rtmem_inner.o(.text) for __rt_SIGRTMEM_inner
    defsig_abrt_inner.o(.text) refers to defsig_general.o(.text) for __default_signal_display
    defsig_fpe_inner.o(.text) refers to defsig_general.o(.text) for __default_signal_display
    defsig_rtred_inner.o(.text) refers to defsig_general.o(.text) for __default_signal_display
    defsig_stak_inner.o(.text) refers to defsig_general.o(.text) for __default_signal_display
    defsig_pvfn_inner.o(.text) refers to defsig_general.o(.text) for __default_signal_display
    defsig_cppl_inner.o(.text) refers to defsig_general.o(.text) for __default_signal_display
    defsig_segv_inner.o(.text) refers to defsig_general.o(.text) for __default_signal_display
    defsig_other.o(.text) refers to defsig_general.o(.text) for __default_signal_display
    libshutdown.o(.ARM.Collect$$libshutdown$$00000000) refers (Special) to libshutdown2.o(.ARM.Collect$$libshutdown$$00000006) for __rt_lib_shutdown_fp_trap_1
    libshutdown.o(.ARM.Collect$$libshutdown$$00000000) refers (Special) to libshutdown2.o(.ARM.Collect$$libshutdown$$0000000E) for __rt_lib_shutdown_heap_1
    libshutdown.o(.ARM.Collect$$libshutdown$$00000000) refers (Special) to libshutdown2.o(.ARM.Collect$$libshutdown$$0000000F) for __rt_lib_shutdown_return
    libshutdown.o(.ARM.Collect$$libshutdown$$00000000) refers (Special) to libshutdown2.o(.ARM.Collect$$libshutdown$$00000009) for __rt_lib_shutdown_signal_1
    libshutdown.o(.ARM.Collect$$libshutdown$$00000000) refers (Special) to libshutdown2.o(.ARM.Collect$$libshutdown$$00000003) for __rt_lib_shutdown_stdio_1
    libshutdown.o(.ARM.Collect$$libshutdown$$00000000) refers (Special) to libshutdown2.o(.ARM.Collect$$libshutdown$$0000000B) for __rt_lib_shutdown_user_alloc_1


==============================================================================

Removing Unused input sections from the image.

    Removing main.o(.rev16_text), (4 bytes).
    Removing main.o(.revsh_text), (4 bytes).
    Removing fifo.o(i.fifo_available), (6 bytes).
    Removing fifo.o(i.fifo_clear), (12 bytes).
    Removing fifo.o(i.fifo_isEmpty), (14 bytes).
    Removing fifo.o(i.fifo_isFull), (18 bytes).
    Removing fifo.o(i.fifo_peek), (12 bytes).
    Removing fifo.o(i.fifo_status), (6 bytes).
    Removing queue_lib.o(i.createQueue), (20 bytes).
    Removing queue_lib.o(i.deQueue), (30 bytes).
    Removing queue_lib.o(i.enQueue), (34 bytes).
    Removing queue_lib.o(i.newNode), (22 bytes).
    Removing systick.o(i.SysTick_Wait), (30 bytes).
    Removing systick.o(i.SysTick_Wait10ms), (28 bytes).
    Removing uart.o(.rev16_text), (4 bytes).
    Removing uart.o(.revsh_text), (4 bytes).
    Removing uart.o(i.UART1_InChar), (28 bytes).
    Removing uart.o(i.UART1_InCharNonBlocking), (28 bytes).
    Removing uart.o(i.UART1_Init), (272 bytes).
    Removing uart.o(i.UART2_InChar), (28 bytes).
    Removing uart.o(i.UART2_InCharNonBlocking), (28 bytes).
    Removing uart.o(i.UART2_Init), (168 bytes).
    Removing uart.o(i.UART3_InChar), (28 bytes).
    Removing uart.o(i.UART3_InCharNonBlocking), (28 bytes).
    Removing uart.o(i.UART3_Init), (144 bytes).
    Removing uart.o(i.UART4_InChar), (28 bytes).
    Removing uart.o(i.UART4_InCharNonBlocking), (28 bytes).
    Removing uart.o(i.UART4_Init), (144 bytes).
    Removing uart.o(i.UART5_InChar), (28 bytes).
    Removing uart.o(i.UART5_InCharNonBlocking), (28 bytes).
    Removing uart.o(i.UART7_InChar), (28 bytes).
    Removing uart.o(i.UART7_InCharNonBlocking), (28 bytes).
    Removing uart.o(i.UART7_Init), (140 bytes).

33 unused section(s) (total 1452 bytes) removed from the image.

==============================================================================

Image Symbol Table

    Local Symbols

    Symbol Name                              Value     Ov Type        Size  Object(Section)

    RESET                                    0x00000000   Section      644  startup_tm4c123.o(RESET)
    ../clib/angel/boardlib.s                 0x00000000   Number         0  boardshut.o ABSOLUTE
    ../clib/angel/boardlib.s                 0x00000000   Number         0  boardinit3.o ABSOLUTE
    ../clib/angel/boardlib.s                 0x00000000   Number         0  boardinit2.o ABSOLUTE
    ../clib/angel/boardlib.s                 0x00000000   Number         0  boardinit1.o ABSOLUTE
    ../clib/angel/handlers.s                 0x00000000   Number         0  __scatter_copy.o ABSOLUTE
    ../clib/angel/handlers.s                 0x00000000   Number         0  __scatter_zi.o ABSOLUTE
    ../clib/angel/kernel.s                   0x00000000   Number         0  __rtentry2.o ABSOLUTE
    ../clib/angel/kernel.s                   0x00000000   Number         0  rtexit2.o ABSOLUTE
    ../clib/angel/kernel.s                   0x00000000   Number         0  __rtentry4.o ABSOLUTE
    ../clib/angel/kernel.s                   0x00000000   Number         0  __rtentry.o ABSOLUTE
    ../clib/angel/kernel.s                   0x00000000   Number         0  rtexit.o ABSOLUTE
    ../clib/angel/rt.s                       0x00000000   Number         0  rt_heap_descriptor_intlibspace.o ABSOLUTE
    ../clib/angel/rt.s                       0x00000000   Number         0  rt_heap_descriptor.o ABSOLUTE
    ../clib/angel/rt.s                       0x00000000   Number         0  rt_raise.o ABSOLUTE
    ../clib/angel/scatter.s                  0x00000000   Number         0  __scatter.o ABSOLUTE
    ../clib/angel/startup.s                  0x00000000   Number         0  __main.o ABSOLUTE
    ../clib/angel/sys.s                      0x00000000   Number         0  use_no_semi.o ABSOLUTE
    ../clib/angel/sys.s                      0x00000000   Number         0  indicate_semi.o ABSOLUTE
    ../clib/angel/sys.s                      0x00000000   Number         0  libspace.o ABSOLUTE
    ../clib/angel/sys.s                      0x00000000   Number         0  mutex_dummy.o ABSOLUTE
    ../clib/angel/sys.s                      0x00000000   Number         0  sys_stackheap_outer.o ABSOLUTE
    ../clib/angel/sysapp.c                   0x00000000   Number         0  sys_wrch.o ABSOLUTE
    ../clib/angel/sysapp.c                   0x00000000   Number         0  sys_exit.o ABSOLUTE
    ../clib/angel/sysapp.c                   0x00000000   Number         0  sys_command.o ABSOLUTE
    ../clib/armsys.c                         0x00000000   Number         0  argv_veneer.o ABSOLUTE
    ../clib/armsys.c                         0x00000000   Number         0  no_argv.o ABSOLUTE
    ../clib/armsys.c                         0x00000000   Number         0  argv_veneer.o ABSOLUTE
    ../clib/armsys.c                         0x00000000   Number         0  _get_argv.o ABSOLUTE
    ../clib/armsys.c                         0x00000000   Number         0  _get_argv_nomalloc.o ABSOLUTE
    ../clib/heap1.c                          0x00000000   Number         0  h1_alloc_mt.o ABSOLUTE
    ../clib/heap1.c                          0x00000000   Number         0  h1_extend.o ABSOLUTE
    ../clib/heap1.c                          0x00000000   Number         0  h1_init.o ABSOLUTE
    ../clib/heap1.c                          0x00000000   Number         0  h1_init_mt.o ABSOLUTE
    ../clib/heap1.c                          0x00000000   Number         0  h1_free_mt.o ABSOLUTE
    ../clib/heap1.c                          0x00000000   Number         0  h1_extend_mt.o ABSOLUTE
    ../clib/heap1.c                          0x00000000   Number         0  h1_final_mt.o ABSOLUTE
    ../clib/heap1.c                          0x00000000   Number         0  h1_final.o ABSOLUTE
    ../clib/heap1.c                          0x00000000   Number         0  h1_free.o ABSOLUTE
    ../clib/heap1.c                          0x00000000   Number         0  h1_alloc.o ABSOLUTE
    ../clib/heap2.c                          0x00000000   Number         0  fdtree.o ABSOLUTE
    ../clib/heap2.c                          0x00000000   Number         0  heap2.o ABSOLUTE
    ../clib/heap2.c                          0x00000000   Number         0  heap2mt.o ABSOLUTE
    ../clib/heapalloc.c                      0x00000000   Number         0  maybetermalloc1.o ABSOLUTE
    ../clib/heapalloc.c                      0x00000000   Number         0  maybetermalloc1.o ABSOLUTE
    ../clib/heapalloc.c                      0x00000000   Number         0  hrguard.o ABSOLUTE
    ../clib/heapalloc.c                      0x00000000   Number         0  malloc.o ABSOLUTE
    ../clib/heapalloc.c                      0x00000000   Number         0  term_alloc.o ABSOLUTE
    ../clib/heapalloc.c                      0x00000000   Number         0  maybetermalloc2.o ABSOLUTE
    ../clib/heapalloc.c                      0x00000000   Number         0  hguard.o ABSOLUTE
    ../clib/heapalloc.c                      0x00000000   Number         0  init_alloc.o ABSOLUTE
    ../clib/heapalloc.c                      0x00000000   Number         0  free.o ABSOLUTE
    ../clib/heapalloc.c                      0x00000000   Number         0  heapstubs.o ABSOLUTE
    ../clib/heapalloc.c                      0x00000000   Number         0  maybetermalloc2.o ABSOLUTE
    ../clib/heapaux.c                        0x00000000   Number         0  heapauxi.o ABSOLUTE
    ../clib/heapaux.c                        0x00000000   Number         0  heapauxa.o ABSOLUTE
    ../clib/libinit.s                        0x00000000   Number         0  libshutdown.o ABSOLUTE
    ../clib/libinit.s                        0x00000000   Number         0  libshutdown2.o ABSOLUTE
    ../clib/libinit.s                        0x00000000   Number         0  libinit.o ABSOLUTE
    ../clib/libinit.s                        0x00000000   Number         0  libinit2.o ABSOLUTE
    ../clib/memcpset.s                       0x00000000   Number         0  rt_memcpy_w.o ABSOLUTE
    ../clib/signal.c                         0x00000000   Number         0  defsig_other.o ABSOLUTE
    ../clib/signal.c                         0x00000000   Number         0  defsig_segv_inner.o ABSOLUTE
    ../clib/signal.c                         0x00000000   Number         0  defsig_rtmem_inner.o ABSOLUTE
    ../clib/signal.c                         0x00000000   Number         0  defsig_exit.o ABSOLUTE
    ../clib/signal.c                         0x00000000   Number         0  defsig_rtmem_formal.o ABSOLUTE
    ../clib/signal.c                         0x00000000   Number         0  __raise.o ABSOLUTE
    ../clib/signal.c                         0x00000000   Number         0  defsig_rtmem_outer.o ABSOLUTE
    ../clib/signal.c                         0x00000000   Number         0  defsig_fpe_inner.o ABSOLUTE
    ../clib/signal.c                         0x00000000   Number         0  defsig_cppl_inner.o ABSOLUTE
    ../clib/signal.c                         0x00000000   Number         0  defsig_abrt_inner.o ABSOLUTE
    ../clib/signal.c                         0x00000000   Number         0  defsig_rtred_inner.o ABSOLUTE
    ../clib/signal.c                         0x00000000   Number         0  defsig_stak_inner.o ABSOLUTE
    ../clib/signal.c                         0x00000000   Number         0  defsig_pvfn_inner.o ABSOLUTE
    ../clib/signal.c                         0x00000000   Number         0  defsig_general.o ABSOLUTE
    ../clib/signal.s                         0x00000000   Number         0  defsig.o ABSOLUTE
    ../clib/stdlib.c                         0x00000000   Number         0  exit.o ABSOLUTE
    ../fplib/d2f.s                           0x00000000   Number         0  d2f.o ABSOLUTE
    ../fplib/ddiv.s                          0x00000000   Number         0  ddiv.o ABSOLUTE
    ../fplib/dfixu.s                         0x00000000   Number         0  dfixu.o ABSOLUTE
    ../fplib/dflt.s                          0x00000000   Number         0  dflt_clz.o ABSOLUTE
    ../fplib/dmul.s                          0x00000000   Number         0  dmul.o ABSOLUTE
    ../fplib/dnaninf.s                       0x00000000   Number         0  dnaninf.o ABSOLUTE
    ../fplib/dretinf.s                       0x00000000   Number         0  dretinf.o ABSOLUTE
    ../fplib/f2d.s                           0x00000000   Number         0  f2d.o ABSOLUTE
    ../fplib/faddsub.s                       0x00000000   Number         0  faddsub_clz.o ABSOLUTE
    ../fplib/fdiv.s                          0x00000000   Number         0  fdiv.o ABSOLUTE
    ../fplib/fflt.s                          0x00000000   Number         0  fflt_clz.o ABSOLUTE
    ../fplib/fmul.s                          0x00000000   Number         0  fmul.o ABSOLUTE
    ../fplib/fnaninf.s                       0x00000000   Number         0  fnaninf.o ABSOLUTE
    ../fplib/fpinit.s                        0x00000000   Number         0  fpinit.o ABSOLUTE
    ../fplib/fretinf.s                       0x00000000   Number         0  fretinf.o ABSOLUTE
    ../fplib/usenofp.s                       0x00000000   Number         0  usenofp.o ABSOLUTE
    PLL.c                                    0x00000000   Number         0  pll.o ABSOLUTE
    Queue_Lib.c                              0x00000000   Number         0  queue_lib.o ABSOLUTE
    SysTick.c                                0x00000000   Number         0  systick.o ABSOLUTE
    UART.c                                   0x00000000   Number         0  uart.o ABSOLUTE
    UART.c                                   0x00000000   Number         0  uart.o ABSOLUTE
    dc.s                                     0x00000000   Number         0  dc.o ABSOLUTE
    fifo.c                                   0x00000000   Number         0  fifo.o ABSOLUTE
    main.c                                   0x00000000   Number         0  main.o ABSOLUTE
    main.c                                   0x00000000   Number         0  main.o ABSOLUTE
    startup_TM4C123.s                        0x00000000   Number         0  startup_tm4c123.o ABSOLUTE
    !!!main                                  0x00000284   Section        8  __main.o(!!!main)
    !!!scatter                               0x0000028c   Section       52  __scatter.o(!!!scatter)
    !!handler_copy                           0x000002c0   Section       26  __scatter_copy.o(!!handler_copy)
    !!handler_zi                             0x000002dc   Section       28  __scatter_zi.o(!!handler_zi)
    .ARM.Collect$$libinit$$00000000          0x000002f8   Section        2  libinit.o(.ARM.Collect$$libinit$$00000000)
    .ARM.Collect$$libinit$$00000002          0x000002fa   Section        0  libinit2.o(.ARM.Collect$$libinit$$00000002)
    .ARM.Collect$$libinit$$00000004          0x000002fa   Section        0  libinit2.o(.ARM.Collect$$libinit$$00000004)
    .ARM.Collect$$libinit$$0000000A          0x000002fa   Section        0  libinit2.o(.ARM.Collect$$libinit$$0000000A)
    .ARM.Collect$$libinit$$0000000C          0x000002fa   Section        0  libinit2.o(.ARM.Collect$$libinit$$0000000C)
    .ARM.Collect$$libinit$$0000000E          0x000002fa   Section        0  libinit2.o(.ARM.Collect$$libinit$$0000000E)
    .ARM.Collect$$libinit$$00000011          0x000002fa   Section        0  libinit2.o(.ARM.Collect$$libinit$$00000011)
    .ARM.Collect$$libinit$$00000013          0x000002fa   Section        0  libinit2.o(.ARM.Collect$$libinit$$00000013)
    .ARM.Collect$$libinit$$00000015          0x000002fa   Section        0  libinit2.o(.ARM.Collect$$libinit$$00000015)
    .ARM.Collect$$libinit$$00000017          0x000002fa   Section        0  libinit2.o(.ARM.Collect$$libinit$$00000017)
    .ARM.Collect$$libinit$$00000019          0x000002fa   Section        0  libinit2.o(.ARM.Collect$$libinit$$00000019)
    .ARM.Collect$$libinit$$0000001B          0x000002fa   Section        0  libinit2.o(.ARM.Collect$$libinit$$0000001B)
    .ARM.Collect$$libinit$$0000001D          0x000002fa   Section        0  libinit2.o(.ARM.Collect$$libinit$$0000001D)
    .ARM.Collect$$libinit$$0000001F          0x000002fa   Section        0  libinit2.o(.ARM.Collect$$libinit$$0000001F)
    .ARM.Collect$$libinit$$00000021          0x000002fa   Section        0  libinit2.o(.ARM.Collect$$libinit$$00000021)
    .ARM.Collect$$libinit$$00000023          0x000002fa   Section        0  libinit2.o(.ARM.Collect$$libinit$$00000023)
    .ARM.Collect$$libinit$$00000025          0x000002fa   Section        0  libinit2.o(.ARM.Collect$$libinit$$00000025)
    .ARM.Collect$$libinit$$0000002C          0x000002fa   Section        0  libinit2.o(.ARM.Collect$$libinit$$0000002C)
    .ARM.Collect$$libinit$$0000002E          0x000002fa   Section        0  libinit2.o(.ARM.Collect$$libinit$$0000002E)
    .ARM.Collect$$libinit$$00000030          0x000002fa   Section        0  libinit2.o(.ARM.Collect$$libinit$$00000030)
    .ARM.Collect$$libinit$$00000032          0x000002fa   Section        0  libinit2.o(.ARM.Collect$$libinit$$00000032)
    .ARM.Collect$$libinit$$00000033          0x000002fa   Section        2  libinit2.o(.ARM.Collect$$libinit$$00000033)
    .ARM.Collect$$libshutdown$$00000000      0x000002fc   Section        2  libshutdown.o(.ARM.Collect$$libshutdown$$00000000)
    .ARM.Collect$$libshutdown$$00000003      0x000002fe   Section        0  libshutdown2.o(.ARM.Collect$$libshutdown$$00000003)
    .ARM.Collect$$libshutdown$$00000006      0x000002fe   Section        0  libshutdown2.o(.ARM.Collect$$libshutdown$$00000006)
    .ARM.Collect$$libshutdown$$00000009      0x000002fe   Section        0  libshutdown2.o(.ARM.Collect$$libshutdown$$00000009)
    .ARM.Collect$$libshutdown$$0000000B      0x000002fe   Section        0  libshutdown2.o(.ARM.Collect$$libshutdown$$0000000B)
    .ARM.Collect$$libshutdown$$0000000E      0x000002fe   Section        0  libshutdown2.o(.ARM.Collect$$libshutdown$$0000000E)
    .ARM.Collect$$libshutdown$$0000000F      0x000002fe   Section        2  libshutdown2.o(.ARM.Collect$$libshutdown$$0000000F)
    .ARM.Collect$$rtentry$$00000000          0x00000300   Section        0  __rtentry.o(.ARM.Collect$$rtentry$$00000000)
    .ARM.Collect$$rtentry$$00000002          0x00000300   Section        0  __rtentry2.o(.ARM.Collect$$rtentry$$00000002)
    .ARM.Collect$$rtentry$$00000004          0x00000300   Section        6  __rtentry4.o(.ARM.Collect$$rtentry$$00000004)
    .ARM.Collect$$rtentry$$00000009          0x00000306   Section        0  __rtentry2.o(.ARM.Collect$$rtentry$$00000009)
    .ARM.Collect$$rtentry$$0000000A          0x00000306   Section        4  __rtentry2.o(.ARM.Collect$$rtentry$$0000000A)
    .ARM.Collect$$rtentry$$0000000C          0x0000030a   Section        0  __rtentry2.o(.ARM.Collect$$rtentry$$0000000C)
    .ARM.Collect$$rtentry$$0000000D          0x0000030a   Section        8  __rtentry2.o(.ARM.Collect$$rtentry$$0000000D)
    .ARM.Collect$$rtexit$$00000000           0x00000312   Section        2  rtexit.o(.ARM.Collect$$rtexit$$00000000)
    .ARM.Collect$$rtexit$$00000002           0x00000314   Section        0  rtexit2.o(.ARM.Collect$$rtexit$$00000002)
    .ARM.Collect$$rtexit$$00000003           0x00000314   Section        4  rtexit2.o(.ARM.Collect$$rtexit$$00000003)
    .ARM.Collect$$rtexit$$00000004           0x00000318   Section        6  rtexit2.o(.ARM.Collect$$rtexit$$00000004)
    .text                                    0x00000320   Section       48  startup_tm4c123.o(.text)
    .text                                    0x00000350   Section        0  heapauxi.o(.text)
    .text                                    0x00000358   Section        8  libspace.o(.text)
    .text                                    0x00000360   Section        2  use_no_semi.o(.text)
    .text                                    0x00000362   Section       74  sys_stackheap_outer.o(.text)
    .text                                    0x00000362   Section        0  indicate_semi.o(.text)
    .text                                    0x000003ac   Section        0  exit.o(.text)
    .text                                    0x000003b8   Section        0  sys_exit.o(.text)
    i.New_Line                               0x000003c4   Section        0  uart.o(i.New_Line)
    i.PLL_Init                               0x00000430   Section        0  pll.o(i.PLL_Init)
    i.PWM                                    0x000004ac   Section        0  main.o(i.PWM)
    i.PWM2                                   0x000004cc   Section        0  main.o(i.PWM2)
    i.PWM_QEI_Init                           0x000004ec   Section        0  main.o(i.PWM_QEI_Init)
    i.Print_Space                            0x000006a4   Section        0  uart.o(i.Print_Space)
    i.QEI_Init                               0x000006f8   Section        0  main.o(i.QEI_Init)
    i.Switch_Init                            0x00000724   Section        0  main.o(i.Switch_Init)
    i.SysTick_Init                           0x000007c0   Section        0  systick.o(i.SysTick_Init)
    i.Timer0A_Handler                        0x000007d0   Section        0  main.o(i.Timer0A_Handler)
    i.Timer0_Init                            0x000007e4   Section        0  main.o(i.Timer0_Init)
    i.UART1_OutChar                          0x0000083c   Section        0  uart.o(i.UART1_OutChar)
    i.UART2_OutChar                          0x00000854   Section        0  uart.o(i.UART2_OutChar)
    i.UART3_OutChar                          0x0000086c   Section        0  uart.o(i.UART3_OutChar)
    i.UART4_OutChar                          0x00000884   Section        0  uart.o(i.UART4_OutChar)
    i.UART5_Init                             0x0000089c   Section        0  uart.o(i.UART5_Init)
    i.UART5_OutChar                          0x0000092c   Section        0  uart.o(i.UART5_OutChar)
    i.UART7_OutChar                          0x00000944   Section        0  uart.o(i.UART7_OutChar)
    i.UART_OutUDec                           0x0000095c   Section        0  uart.o(i.UART_OutUDec)
    i.WideTimer0A_Handler                    0x000009dc   Section        0  main.o(i.WideTimer0A_Handler)
    i.WideTimer0A_Init                       0x00000ae8   Section        0  main.o(i.WideTimer0A_Init)
    i.WideTimer1B_Handler                    0x00000c14   Section        0  main.o(i.WideTimer1B_Handler)
    i.fifo_get                               0x00000d24   Section        0  fifo.o(i.fifo_get)
    i.fifo_init                              0x00000d56   Section        0  fifo.o(i.fifo_init)
    i.fifo_put                               0x00000d66   Section        0  fifo.o(i.fifo_put)
    i.main                                   0x00000d98   Section        0  main.o(i.main)
    x$fpl$d2f                                0x00000e60   Section       98  d2f.o(x$fpl$d2f)
    x$fpl$ddiv                               0x00000ec4   Section      688  ddiv.o(x$fpl$ddiv)
    ddiv_entry                               0x00000ecb   Thumb Code     0  ddiv.o(x$fpl$ddiv)
    x$fpl$dfixu                              0x00001174   Section       90  dfixu.o(x$fpl$dfixu)
    x$fpl$dfltu                              0x000011ce   Section       38  dflt_clz.o(x$fpl$dfltu)
    x$fpl$dmul                               0x000011f4   Section      340  dmul.o(x$fpl$dmul)
    x$fpl$dnaninf                            0x00001348   Section      156  dnaninf.o(x$fpl$dnaninf)
    x$fpl$dretinf                            0x000013e4   Section       12  dretinf.o(x$fpl$dretinf)
    x$fpl$f2d                                0x000013f0   Section       86  f2d.o(x$fpl$f2d)
    x$fpl$fadd                               0x00001448   Section      196  faddsub_clz.o(x$fpl$fadd)
    _fadd1                                   0x00001457   Thumb Code     0  faddsub_clz.o(x$fpl$fadd)
    x$fpl$fdiv                               0x0000150c   Section      388  fdiv.o(x$fpl$fdiv)
    _fdiv1                                   0x0000150d   Thumb Code     0  fdiv.o(x$fpl$fdiv)
    x$fpl$fflt                               0x00001690   Section       48  fflt_clz.o(x$fpl$fflt)
    x$fpl$fmul                               0x000016c0   Section      258  fmul.o(x$fpl$fmul)
    x$fpl$fnaninf                            0x000017c2   Section      140  fnaninf.o(x$fpl$fnaninf)
    x$fpl$fretinf                            0x0000184e   Section       10  fretinf.o(x$fpl$fretinf)
    x$fpl$frsb                               0x00001858   Section       20  faddsub_clz.o(x$fpl$frsb)
    x$fpl$fsub                               0x0000186c   Section      234  faddsub_clz.o(x$fpl$fsub)
    _fsub1                                   0x0000187b   Thumb Code     0  faddsub_clz.o(x$fpl$fsub)
    x$fpl$usenofp                            0x00001956   Section        0  usenofp.o(x$fpl$usenofp)
    .data                                    0x20000000   Section       36  main.o(.data)
    .bss                                     0x20000024   Section     2024  main.o(.bss)
    .bss                                     0x2000080c   Section       96  libspace.o(.bss)
    HEAP                                     0x20000870   Section        0  startup_tm4c123.o(HEAP)
    STACK                                    0x20000870   Section     1024  startup_tm4c123.o(STACK)
    HeapMem                                  0x20000870   Data           0  startup_tm4c123.o(HEAP)
    StackMem                                 0x20000870   Data           0  startup_tm4c123.o(STACK)

    Global Symbols

    Symbol Name                              Value     Ov Type        Size  Object(Section)

    BuildAttributes$$THM_ISAv4$E$P$D$K$B$S$7EM$PE$A:L22UL41UL21$X:L11$S22US41US21$IEEE1$IW$USESV6$~STKCKD$USESV7$~SHL$OTIME$ROPI$EBA8$UX$STANDARDLIB$REQ8$PRES8$EABIv2 0x00000000   Number         0  anon$$obj.o ABSOLUTE
    __ARM_use_no_argv                        0x00000000   Number         0  main.o ABSOLUTE
    __Vectors                                0x00000000   Data           0  startup_tm4c123.o(RESET)
    __ARM_exceptions_init                     - Undefined Weak Reference
    __alloca_initialize                       - Undefined Weak Reference
    __arm_preinit_                            - Undefined Weak Reference
    __cpp_initialize__aeabi_                  - Undefined Weak Reference
    __cxa_finalize                            - Undefined Weak Reference
    __rt_locale                               - Undefined Weak Reference
    __sigvec_lookup                           - Undefined Weak Reference
    __user_heap_extent                        - Undefined Weak Reference
    _atexit_init                              - Undefined Weak Reference
    _call_atexit_fns                          - Undefined Weak Reference
    _clock_init                               - Undefined Weak Reference
    _fp_trap_init                             - Undefined Weak Reference
    _fp_trap_shutdown                         - Undefined Weak Reference
    _get_lc_collate                           - Undefined Weak Reference
    _get_lc_ctype                             - Undefined Weak Reference
    _get_lc_monetary                          - Undefined Weak Reference
    _get_lc_numeric                           - Undefined Weak Reference
    _get_lc_time                              - Undefined Weak Reference
    _getenv_init                              - Undefined Weak Reference
    _handle_redirection                       - Undefined Weak Reference
    _initio                                   - Undefined Weak Reference
    _mutex_acquire                            - Undefined Weak Reference
    _mutex_free                               - Undefined Weak Reference
    _mutex_release                            - Undefined Weak Reference
    _rand_init                                - Undefined Weak Reference
    _signal_finish                            - Undefined Weak Reference
    _signal_init                              - Undefined Weak Reference
    _terminateio                              - Undefined Weak Reference
    Reset_Handler                            0x0000026d   Thumb Code     0  startup_tm4c123.o(RESET)
    NMI_Handler                              0x00000271   Thumb Code     2  startup_tm4c123.o(RESET)
    HardFault_Handler                        0x00000273   Thumb Code     2  startup_tm4c123.o(RESET)
    MemManage_Handler                        0x00000275   Thumb Code     2  startup_tm4c123.o(RESET)
    BusFault_Handler                         0x00000277   Thumb Code     2  startup_tm4c123.o(RESET)
    UsageFault_Handler                       0x00000279   Thumb Code     2  startup_tm4c123.o(RESET)
    SVC_Handler                              0x0000027b   Thumb Code     2  startup_tm4c123.o(RESET)
    DebugMon_Handler                         0x0000027d   Thumb Code     2  startup_tm4c123.o(RESET)
    PendSV_Handler                           0x0000027f   Thumb Code     2  startup_tm4c123.o(RESET)
    SysTick_Handler                          0x00000281   Thumb Code     2  startup_tm4c123.o(RESET)
    ADC0Seq0_Handler                         0x00000283   Thumb Code     0  startup_tm4c123.o(RESET)
    ADC0Seq1_Handler                         0x00000283   Thumb Code     0  startup_tm4c123.o(RESET)
    ADC0Seq2_Handler                         0x00000283   Thumb Code     0  startup_tm4c123.o(RESET)
    ADC0Seq3_Handler                         0x00000283   Thumb Code     0  startup_tm4c123.o(RESET)
    ADC1Seq0_Handler                         0x00000283   Thumb Code     0  startup_tm4c123.o(RESET)
    ADC1Seq1_Handler                         0x00000283   Thumb Code     0  startup_tm4c123.o(RESET)
    ADC1Seq2_Handler                         0x00000283   Thumb Code     0  startup_tm4c123.o(RESET)
    ADC1Seq3_Handler                         0x00000283   Thumb Code     0  startup_tm4c123.o(RESET)
    CAN0_Handler                             0x00000283   Thumb Code     0  startup_tm4c123.o(RESET)
    CAN1_Handler                             0x00000283   Thumb Code     0  startup_tm4c123.o(RESET)
    CAN2_Handler                             0x00000283   Thumb Code     0  startup_tm4c123.o(RESET)
    Comp0_Handler                            0x00000283   Thumb Code     0  startup_tm4c123.o(RESET)
    Comp1_Handler                            0x00000283   Thumb Code     0  startup_tm4c123.o(RESET)
    Comp2_Handler                            0x00000283   Thumb Code     0  startup_tm4c123.o(RESET)
    Ethernet_Handler                         0x00000283   Thumb Code     0  startup_tm4c123.o(RESET)
    ExtBus_Handler                           0x00000283   Thumb Code     0  startup_tm4c123.o(RESET)
    FPU_Handler                              0x00000283   Thumb Code     0  startup_tm4c123.o(RESET)
    Fan0_Handler                             0x00000283   Thumb Code     0  startup_tm4c123.o(RESET)
    FlashCtl_Handler                         0x00000283   Thumb Code     0  startup_tm4c123.o(RESET)
    GPIOPortA_Handler                        0x00000283   Thumb Code     0  startup_tm4c123.o(RESET)
    GPIOPortB_Handler                        0x00000283   Thumb Code     0  startup_tm4c123.o(RESET)
    GPIOPortC_Handler                        0x00000283   Thumb Code     0  startup_tm4c123.o(RESET)
    GPIOPortD_Handler                        0x00000283   Thumb Code     0  startup_tm4c123.o(RESET)
    GPIOPortE_Handler                        0x00000283   Thumb Code     0  startup_tm4c123.o(RESET)
    GPIOPortF_Handler                        0x00000283   Thumb Code     0  startup_tm4c123.o(RESET)
    GPIOPortG_Handler                        0x00000283   Thumb Code     0  startup_tm4c123.o(RESET)
    GPIOPortH_Handler                        0x00000283   Thumb Code     0  startup_tm4c123.o(RESET)
    GPIOPortJ_Handler                        0x00000283   Thumb Code     0  startup_tm4c123.o(RESET)
    GPIOPortK_Handler                        0x00000283   Thumb Code     0  startup_tm4c123.o(RESET)
    GPIOPortL_Handler                        0x00000283   Thumb Code     0  startup_tm4c123.o(RESET)
    GPIOPortM_Handler                        0x00000283   Thumb Code     0  startup_tm4c123.o(RESET)
    GPIOPortN_Handler                        0x00000283   Thumb Code     0  startup_tm4c123.o(RESET)
    GPIOPortP1_Handler                       0x00000283   Thumb Code     0  startup_tm4c123.o(RESET)
    GPIOPortP2_Handler                       0x00000283   Thumb Code     0  startup_tm4c123.o(RESET)
    GPIOPortP3_Handler                       0x00000283   Thumb Code     0  startup_tm4c123.o(RESET)
    GPIOPortP4_Handler                       0x00000283   Thumb Code     0  startup_tm4c123.o(RESET)
    GPIOPortP5_Handler                       0x00000283   Thumb Code     0  startup_tm4c123.o(RESET)
    GPIOPortP6_Handler                       0x00000283   Thumb Code     0  startup_tm4c123.o(RESET)
    GPIOPortP7_Handler                       0x00000283   Thumb Code     0  startup_tm4c123.o(RESET)
    GPIOPortP_Handler                        0x00000283   Thumb Code     0  startup_tm4c123.o(RESET)
    GPIOPortQ1_Handler                       0x00000283   Thumb Code     0  startup_tm4c123.o(RESET)
    GPIOPortQ2_Handler                       0x00000283   Thumb Code     0  startup_tm4c123.o(RESET)
    GPIOPortQ3_Handler                       0x00000283   Thumb Code     0  startup_tm4c123.o(RESET)
    GPIOPortQ4_Handler                       0x00000283   Thumb Code     0  startup_tm4c123.o(RESET)
    GPIOPortQ5_Handler                       0x00000283   Thumb Code     0  startup_tm4c123.o(RESET)
    GPIOPortQ6_Handler                       0x00000283   Thumb Code     0  startup_tm4c123.o(RESET)
    GPIOPortQ7_Handler                       0x00000283   Thumb Code     0  startup_tm4c123.o(RESET)
    GPIOPortQ_Handler                        0x00000283   Thumb Code     0  startup_tm4c123.o(RESET)
    GPIOPortR_Handler                        0x00000283   Thumb Code     0  startup_tm4c123.o(RESET)
    GPIOPortS_Handler                        0x00000283   Thumb Code     0  startup_tm4c123.o(RESET)
    Hibernate_Handler                        0x00000283   Thumb Code     0  startup_tm4c123.o(RESET)
    I2C0_Handler                             0x00000283   Thumb Code     0  startup_tm4c123.o(RESET)
    I2C1_Handler                             0x00000283   Thumb Code     0  startup_tm4c123.o(RESET)
    I2C2_Handler                             0x00000283   Thumb Code     0  startup_tm4c123.o(RESET)
    I2C3_Handler                             0x00000283   Thumb Code     0  startup_tm4c123.o(RESET)
    I2C4_Handler                             0x00000283   Thumb Code     0  startup_tm4c123.o(RESET)
    I2C5_Handler                             0x00000283   Thumb Code     0  startup_tm4c123.o(RESET)
    I2S0_Handler                             0x00000283   Thumb Code     0  startup_tm4c123.o(RESET)
    LPC0_Handler                             0x00000283   Thumb Code     0  startup_tm4c123.o(RESET)
    PECI0_Handler                            0x00000283   Thumb Code     0  startup_tm4c123.o(RESET)
    PWM0Fault_Handler                        0x00000283   Thumb Code     0  startup_tm4c123.o(RESET)
    PWM0Generator0_Handler                   0x00000283   Thumb Code     0  startup_tm4c123.o(RESET)
    PWM0Generator1_Handler                   0x00000283   Thumb Code     0  startup_tm4c123.o(RESET)
    PWM0Generator2_Handler                   0x00000283   Thumb Code     0  startup_tm4c123.o(RESET)
    PWM0Generator3_Handler                   0x00000283   Thumb Code     0  startup_tm4c123.o(RESET)
    PWM1Fault_Handler                        0x00000283   Thumb Code     0  startup_tm4c123.o(RESET)
    PWM1Generator0_Handler                   0x00000283   Thumb Code     0  startup_tm4c123.o(RESET)
    PWM1Generator1_Handler                   0x00000283   Thumb Code     0  startup_tm4c123.o(RESET)
    PWM1Generator2_Handler                   0x00000283   Thumb Code     0  startup_tm4c123.o(RESET)
    PWM1Generator3_Handler                   0x00000283   Thumb Code     0  startup_tm4c123.o(RESET)
    Quadrature0_Handler                      0x00000283   Thumb Code     0  startup_tm4c123.o(RESET)
    Quadrature1_Handler                      0x00000283   Thumb Code     0  startup_tm4c123.o(RESET)
    Quadrature2_Handler                      0x00000283   Thumb Code     0  startup_tm4c123.o(RESET)
    SSI0_Handler                             0x00000283   Thumb Code     0  startup_tm4c123.o(RESET)
    SSI1_Handler                             0x00000283   Thumb Code     0  startup_tm4c123.o(RESET)
    SSI2_Handler                             0x00000283   Thumb Code     0  startup_tm4c123.o(RESET)
    SSI3_Handler                             0x00000283   Thumb Code     0  startup_tm4c123.o(RESET)
    SysCtl_Handler                           0x00000283   Thumb Code     0  startup_tm4c123.o(RESET)
    Timer0B_Handler                          0x00000283   Thumb Code     0  startup_tm4c123.o(RESET)
    Timer1A_Handler                          0x00000283   Thumb Code     0  startup_tm4c123.o(RESET)
    Timer1B_Handler                          0x00000283   Thumb Code     0  startup_tm4c123.o(RESET)
    Timer2A_Handler                          0x00000283   Thumb Code     0  startup_tm4c123.o(RESET)
    Timer2B_Handler                          0x00000283   Thumb Code     0  startup_tm4c123.o(RESET)
    Timer3A_Handler                          0x00000283   Thumb Code     0  startup_tm4c123.o(RESET)
    Timer3B_Handler                          0x00000283   Thumb Code     0  startup_tm4c123.o(RESET)
    Timer4A_Handler                          0x00000283   Thumb Code     0  startup_tm4c123.o(RESET)
    Timer4B_Handler                          0x00000283   Thumb Code     0  startup_tm4c123.o(RESET)
    Timer5A_Handler                          0x00000283   Thumb Code     0  startup_tm4c123.o(RESET)
    Timer5B_Handler                          0x00000283   Thumb Code     0  startup_tm4c123.o(RESET)
    UART0_Handler                            0x00000283   Thumb Code     0  startup_tm4c123.o(RESET)
    UART1_Handler                            0x00000283   Thumb Code     0  startup_tm4c123.o(RESET)
    UART2_Handler                            0x00000283   Thumb Code     0  startup_tm4c123.o(RESET)
    UART3_Handler                            0x00000283   Thumb Code     0  startup_tm4c123.o(RESET)
    UART4_Handler                            0x00000283   Thumb Code     0  startup_tm4c123.o(RESET)
    UART5_Handler                            0x00000283   Thumb Code     0  startup_tm4c123.o(RESET)
    UART6_Handler                            0x00000283   Thumb Code     0  startup_tm4c123.o(RESET)
    UART7_Handler                            0x00000283   Thumb Code     0  startup_tm4c123.o(RESET)
    USB0_Handler                             0x00000283   Thumb Code     0  startup_tm4c123.o(RESET)
    WDT_Handler                              0x00000283   Thumb Code     0  startup_tm4c123.o(RESET)
    WideTimer0B_Handler                      0x00000283   Thumb Code     0  startup_tm4c123.o(RESET)
    WideTimer1A_Handler                      0x00000283   Thumb Code     0  startup_tm4c123.o(RESET)
    WideTimer2A_Handler                      0x00000283   Thumb Code     0  startup_tm4c123.o(RESET)
    WideTimer2B_Handler                      0x00000283   Thumb Code     0  startup_tm4c123.o(RESET)
    WideTimer3A_Handler                      0x00000283   Thumb Code     0  startup_tm4c123.o(RESET)
    WideTimer3B_Handler                      0x00000283   Thumb Code     0  startup_tm4c123.o(RESET)
    WideTimer4A_Handler                      0x00000283   Thumb Code     0  startup_tm4c123.o(RESET)
    WideTimer4B_Handler                      0x00000283   Thumb Code     0  startup_tm4c123.o(RESET)
    WideTimer5A_Handler                      0x00000283   Thumb Code     0  startup_tm4c123.o(RESET)
    WideTimer5B_Handler                      0x00000283   Thumb Code     0  startup_tm4c123.o(RESET)
    uDMA_Error                               0x00000283   Thumb Code     0  startup_tm4c123.o(RESET)
    uDMA_Handler                             0x00000283   Thumb Code     0  startup_tm4c123.o(RESET)
    __main                                   0x00000285   Thumb Code     8  __main.o(!!!main)
    __scatterload                            0x0000028d   Thumb Code     0  __scatter.o(!!!scatter)
    __scatterload_rt2                        0x0000028d   Thumb Code    44  __scatter.o(!!!scatter)
    __scatterload_rt2_thumb_only             0x0000028d   Thumb Code     0  __scatter.o(!!!scatter)
    __scatterload_null                       0x0000029b   Thumb Code     0  __scatter.o(!!!scatter)
    __scatterload_copy                       0x000002c1   Thumb Code    26  __scatter_copy.o(!!handler_copy)
    __scatterload_zeroinit                   0x000002dd   Thumb Code    28  __scatter_zi.o(!!handler_zi)
    __rt_lib_init                            0x000002f9   Thumb Code     0  libinit.o(.ARM.Collect$$libinit$$00000000)
    __rt_lib_init_alloca_1                   0x000002fb   Thumb Code     0  libinit2.o(.ARM.Collect$$libinit$$0000002E)
    __rt_lib_init_argv_1                     0x000002fb   Thumb Code     0  libinit2.o(.ARM.Collect$$libinit$$0000002C)
    __rt_lib_init_atexit_1                   0x000002fb   Thumb Code     0  libinit2.o(.ARM.Collect$$libinit$$0000001B)
    __rt_lib_init_clock_1                    0x000002fb   Thumb Code     0  libinit2.o(.ARM.Collect$$libinit$$00000021)
    __rt_lib_init_cpp_1                      0x000002fb   Thumb Code     0  libinit2.o(.ARM.Collect$$libinit$$00000032)
    __rt_lib_init_exceptions_1               0x000002fb   Thumb Code     0  libinit2.o(.ARM.Collect$$libinit$$00000030)
    __rt_lib_init_fp_1                       0x000002fb   Thumb Code     0  libinit2.o(.ARM.Collect$$libinit$$00000002)
    __rt_lib_init_fp_trap_1                  0x000002fb   Thumb Code     0  libinit2.o(.ARM.Collect$$libinit$$0000001F)
    __rt_lib_init_getenv_1                   0x000002fb   Thumb Code     0  libinit2.o(.ARM.Collect$$libinit$$00000023)
    __rt_lib_init_heap_1                     0x000002fb   Thumb Code     0  libinit2.o(.ARM.Collect$$libinit$$0000000A)
    __rt_lib_init_lc_collate_1               0x000002fb   Thumb Code     0  libinit2.o(.ARM.Collect$$libinit$$00000011)
    __rt_lib_init_lc_ctype_1                 0x000002fb   Thumb Code     0  libinit2.o(.ARM.Collect$$libinit$$00000013)
    __rt_lib_init_lc_monetary_1              0x000002fb   Thumb Code     0  libinit2.o(.ARM.Collect$$libinit$$00000015)
    __rt_lib_init_lc_numeric_1               0x000002fb   Thumb Code     0  libinit2.o(.ARM.Collect$$libinit$$00000017)
    __rt_lib_init_lc_time_1                  0x000002fb   Thumb Code     0  libinit2.o(.ARM.Collect$$libinit$$00000019)
    __rt_lib_init_preinit_1                  0x000002fb   Thumb Code     0  libinit2.o(.ARM.Collect$$libinit$$00000004)
    __rt_lib_init_rand_1                     0x000002fb   Thumb Code     0  libinit2.o(.ARM.Collect$$libinit$$0000000E)
    __rt_lib_init_return                     0x000002fb   Thumb Code     0  libinit2.o(.ARM.Collect$$libinit$$00000033)
    __rt_lib_init_signal_1                   0x000002fb   Thumb Code     0  libinit2.o(.ARM.Collect$$libinit$$0000001D)
    __rt_lib_init_stdio_1                    0x000002fb   Thumb Code     0  libinit2.o(.ARM.Collect$$libinit$$00000025)
    __rt_lib_init_user_alloc_1               0x000002fb   Thumb Code     0  libinit2.o(.ARM.Collect$$libinit$$0000000C)
    __rt_lib_shutdown                        0x000002fd   Thumb Code     0  libshutdown.o(.ARM.Collect$$libshutdown$$00000000)
    __rt_lib_shutdown_fp_trap_1              0x000002ff   Thumb Code     0  libshutdown2.o(.ARM.Collect$$libshutdown$$00000006)
    __rt_lib_shutdown_heap_1                 0x000002ff   Thumb Code     0  libshutdown2.o(.ARM.Collect$$libshutdown$$0000000E)
    __rt_lib_shutdown_return                 0x000002ff   Thumb Code     0  libshutdown2.o(.ARM.Collect$$libshutdown$$0000000F)
    __rt_lib_shutdown_signal_1               0x000002ff   Thumb Code     0  libshutdown2.o(.ARM.Collect$$libshutdown$$00000009)
    __rt_lib_shutdown_stdio_1                0x000002ff   Thumb Code     0  libshutdown2.o(.ARM.Collect$$libshutdown$$00000003)
    __rt_lib_shutdown_user_alloc_1           0x000002ff   Thumb Code     0  libshutdown2.o(.ARM.Collect$$libshutdown$$0000000B)
    __rt_entry                               0x00000301   Thumb Code     0  __rtentry.o(.ARM.Collect$$rtentry$$00000000)
    __rt_entry_presh_1                       0x00000301   Thumb Code     0  __rtentry2.o(.ARM.Collect$$rtentry$$00000002)
    __rt_entry_sh                            0x00000301   Thumb Code     0  __rtentry4.o(.ARM.Collect$$rtentry$$00000004)
    __rt_entry_li                            0x00000307   Thumb Code     0  __rtentry2.o(.ARM.Collect$$rtentry$$0000000A)
    __rt_entry_postsh_1                      0x00000307   Thumb Code     0  __rtentry2.o(.ARM.Collect$$rtentry$$00000009)
    __rt_entry_main                          0x0000030b   Thumb Code     0  __rtentry2.o(.ARM.Collect$$rtentry$$0000000D)
    __rt_entry_postli_1                      0x0000030b   Thumb Code     0  __rtentry2.o(.ARM.Collect$$rtentry$$0000000C)
    __rt_exit                                0x00000313   Thumb Code     0  rtexit.o(.ARM.Collect$$rtexit$$00000000)
    __rt_exit_ls                             0x00000315   Thumb Code     0  rtexit2.o(.ARM.Collect$$rtexit$$00000003)
    __rt_exit_prels_1                        0x00000315   Thumb Code     0  rtexit2.o(.ARM.Collect$$rtexit$$00000002)
    __rt_exit_exit                           0x00000319   Thumb Code     0  rtexit2.o(.ARM.Collect$$rtexit$$00000004)
    DisableInterrupts                        0x00000321   Thumb Code     0  startup_tm4c123.o(.text)
    EnableInterrupts                         0x00000325   Thumb Code     0  startup_tm4c123.o(.text)
    StartCritical                            0x00000329   Thumb Code     0  startup_tm4c123.o(.text)
    EndCritical                              0x00000331   Thumb Code     0  startup_tm4c123.o(.text)
    WaitForInterrupt                         0x00000337   Thumb Code     0  startup_tm4c123.o(.text)
    __user_initial_stackheap                 0x0000033b   Thumb Code     0  startup_tm4c123.o(.text)
    __use_two_region_memory                  0x00000351   Thumb Code     2  heapauxi.o(.text)
    __rt_heap_escrow                         0x00000353   Thumb Code     2  heapauxi.o(.text)
    __rt_heap_expand                         0x00000355   Thumb Code     2  heapauxi.o(.text)
    __user_libspace                          0x00000359   Thumb Code     8  libspace.o(.text)
    __user_perproc_libspace                  0x00000359   Thumb Code     0  libspace.o(.text)
    __user_perthread_libspace                0x00000359   Thumb Code     0  libspace.o(.text)
    __I$use$semihosting                      0x00000361   Thumb Code     0  use_no_semi.o(.text)
    __use_no_semihosting_swi                 0x00000361   Thumb Code     2  use_no_semi.o(.text)
    __semihosting_library_function           0x00000363   Thumb Code     0  indicate_semi.o(.text)
    __user_setup_stackheap                   0x00000363   Thumb Code    74  sys_stackheap_outer.o(.text)
    exit                                     0x000003ad   Thumb Code    12  exit.o(.text)
    _sys_exit                                0x000003b9   Thumb Code     8  sys_exit.o(.text)
    New_Line                                 0x000003c5   Thumb Code   108  uart.o(i.New_Line)
    PLL_Init                                 0x00000431   Thumb Code   120  pll.o(i.PLL_Init)
    PWM                                      0x000004ad   Thumb Code    24  main.o(i.PWM)
    PWM2                                     0x000004cd   Thumb Code    26  main.o(i.PWM2)
    PWM_QEI_Init                             0x000004ed   Thumb Code   394  main.o(i.PWM_QEI_Init)
    Print_Space                              0x000006a5   Thumb Code    82  uart.o(i.Print_Space)
    QEI_Init                                 0x000006f9   Thumb Code    34  main.o(i.QEI_Init)
    Switch_Init                              0x00000725   Thumb Code   130  main.o(i.Switch_Init)
    SysTick_Init                             0x000007c1   Thumb Code    14  systick.o(i.SysTick_Init)
    Timer0A_Handler                          0x000007d1   Thumb Code    12  main.o(i.Timer0A_Handler)
    Timer0_Init                              0x000007e5   Thumb Code    70  main.o(i.Timer0_Init)
    UART1_OutChar                            0x0000083d   Thumb Code    20  uart.o(i.UART1_OutChar)
    UART2_OutChar                            0x00000855   Thumb Code    20  uart.o(i.UART2_OutChar)
    UART3_OutChar                            0x0000086d   Thumb Code    20  uart.o(i.UART3_OutChar)
    UART4_OutChar                            0x00000885   Thumb Code    20  uart.o(i.UART4_OutChar)
    UART5_Init                               0x0000089d   Thumb Code   118  uart.o(i.UART5_Init)
    UART5_OutChar                            0x0000092d   Thumb Code    20  uart.o(i.UART5_OutChar)
    UART7_OutChar                            0x00000945   Thumb Code    20  uart.o(i.UART7_OutChar)
    UART_OutUDec                             0x0000095d   Thumb Code   126  uart.o(i.UART_OutUDec)
    WideTimer0A_Handler                      0x000009dd   Thumb Code   228  main.o(i.WideTimer0A_Handler)
    WideTimer0A_Init                         0x00000ae9   Thumb Code   258  main.o(i.WideTimer0A_Init)
    WideTimer1B_Handler                      0x00000c15   Thumb Code   230  main.o(i.WideTimer1B_Handler)
    fifo_get                                 0x00000d25   Thumb Code    50  fifo.o(i.fifo_get)
    fifo_init                                0x00000d57   Thumb Code    16  fifo.o(i.fifo_init)
    fifo_put                                 0x00000d67   Thumb Code    48  fifo.o(i.fifo_put)
    main                                     0x00000d99   Thumb Code   168  main.o(i.main)
    __aeabi_d2f                              0x00000e61   Thumb Code     0  d2f.o(x$fpl$d2f)
    _d2f                                     0x00000e61   Thumb Code    98  d2f.o(x$fpl$d2f)
    __aeabi_ddiv                             0x00000ec5   Thumb Code     0  ddiv.o(x$fpl$ddiv)
    _ddiv                                    0x00000ec5   Thumb Code   552  ddiv.o(x$fpl$ddiv)
    __aeabi_d2uiz                            0x00001175   Thumb Code     0  dfixu.o(x$fpl$dfixu)
    _dfixu                                   0x00001175   Thumb Code    90  dfixu.o(x$fpl$dfixu)
    __aeabi_ui2d                             0x000011cf   Thumb Code     0  dflt_clz.o(x$fpl$dfltu)
    _dfltu                                   0x000011cf   Thumb Code    38  dflt_clz.o(x$fpl$dfltu)
    __aeabi_dmul                             0x000011f5   Thumb Code     0  dmul.o(x$fpl$dmul)
    _dmul                                    0x000011f5   Thumb Code   332  dmul.o(x$fpl$dmul)
    __fpl_dnaninf                            0x00001349   Thumb Code   156  dnaninf.o(x$fpl$dnaninf)
    __fpl_dretinf                            0x000013e5   Thumb Code    12  dretinf.o(x$fpl$dretinf)
    __aeabi_f2d                              0x000013f1   Thumb Code     0  f2d.o(x$fpl$f2d)
    _f2d                                     0x000013f1   Thumb Code    86  f2d.o(x$fpl$f2d)
    __aeabi_fadd                             0x00001449   Thumb Code     0  faddsub_clz.o(x$fpl$fadd)
    _fadd                                    0x00001449   Thumb Code   196  faddsub_clz.o(x$fpl$fadd)
    __aeabi_fdiv                             0x0000150d   Thumb Code     0  fdiv.o(x$fpl$fdiv)
    _fdiv                                    0x0000150d   Thumb Code   384  fdiv.o(x$fpl$fdiv)
    __aeabi_i2f                              0x00001691   Thumb Code     0  fflt_clz.o(x$fpl$fflt)
    _fflt                                    0x00001691   Thumb Code    48  fflt_clz.o(x$fpl$fflt)
    __aeabi_fmul                             0x000016c1   Thumb Code     0  fmul.o(x$fpl$fmul)
    _fmul                                    0x000016c1   Thumb Code   258  fmul.o(x$fpl$fmul)
    __fpl_fnaninf                            0x000017c3   Thumb Code   140  fnaninf.o(x$fpl$fnaninf)
    __fpl_fretinf                            0x0000184f   Thumb Code    10  fretinf.o(x$fpl$fretinf)
    __aeabi_frsub                            0x00001859   Thumb Code     0  faddsub_clz.o(x$fpl$frsb)
    _frsb                                    0x00001859   Thumb Code    20  faddsub_clz.o(x$fpl$frsb)
    __aeabi_fsub                             0x0000186d   Thumb Code     0  faddsub_clz.o(x$fpl$fsub)
    _fsub                                    0x0000186d   Thumb Code   234  faddsub_clz.o(x$fpl$fsub)
    __I$use$fp                               0x00001956   Number         0  usenofp.o(x$fpl$usenofp)
    Region$$Table$$Base                      0x00001958   Number         0  anon$$obj.o(Region$$Table)
    Region$$Table$$Limit                     0x00001978   Number         0  anon$$obj.o(Region$$Table)
    disp_flag                                0x20000000   Data           1  main.o(.data)
    cap_index                                0x20000001   Data           1  main.o(.data)
    cap_index_1                              0x20000002   Data           1  main.o(.data)
    queue_count                              0x20000004   Data           4  main.o(.data)
    queue_count_1                            0x20000008   Data           4  main.o(.data)
    cap_val                                  0x2000000c   Data           8  main.o(.data)
    cap_val1                                 0x20000014   Data           8  main.o(.data)
    vel_sum                                  0x2000001c   Data           4  main.o(.data)
    vel_sum_1                                0x20000020   Data           4  main.o(.data)
    time_queue                               0x20000024   Data        2000  main.o(.bss)
    fifo                                     0x200007f4   Data          24  main.o(.bss)
    __libspace_start                         0x2000080c   Data          96  libspace.o(.bss)
    __temporary_stack_top$libspace           0x2000086c   Data           0  libspace.o(.bss)



==============================================================================

Memory Map of the image

  Image Entry point : 0x0000026d

  Load Region LR_1 (Base: 0x00000000, Size: 0x0000199c, Max: 0xffffffff, ABSOLUTE)

    Execution Region ER_RO (Base: 0x00000000, Size: 0x00001978, Max: 0xffffffff, ABSOLUTE)

    Base Addr    Size         Type   Attr      Idx    E Section Name        Object

    0x00000000   0x00000284   Code   RO          133  * RESET               startup_tm4c123.o
    0x00000284   0x00000008   Code   RO          502  * !!!main             c_w.l(__main.o)
    0x0000028c   0x00000034   Code   RO          757    !!!scatter          c_w.l(__scatter.o)
    0x000002c0   0x0000001a   Code   RO          759    !!handler_copy      c_w.l(__scatter_copy.o)
    0x000002da   0x00000002   PAD
    0x000002dc   0x0000001c   Code   RO          761    !!handler_zi        c_w.l(__scatter_zi.o)
    0x000002f8   0x00000002   Code   RO          697    .ARM.Collect$$libinit$$00000000  c_w.l(libinit.o)
    0x000002fa   0x00000000   Code   RO          581    .ARM.Collect$$libinit$$00000002  c_w.l(libinit2.o)
    0x000002fa   0x00000000   Code   RO          583    .ARM.Collect$$libinit$$00000004  c_w.l(libinit2.o)
    0x000002fa   0x00000000   Code   RO          586    .ARM.Collect$$libinit$$0000000A  c_w.l(libinit2.o)
    0x000002fa   0x00000000   Code   RO          588    .ARM.Collect$$libinit$$0000000C  c_w.l(libinit2.o)
    0x000002fa   0x00000000   Code   RO          590    .ARM.Collect$$libinit$$0000000E  c_w.l(libinit2.o)
    0x000002fa   0x00000000   Code   RO          593    .ARM.Collect$$libinit$$00000011  c_w.l(libinit2.o)
    0x000002fa   0x00000000   Code   RO          595    .ARM.Collect$$libinit$$00000013  c_w.l(libinit2.o)
    0x000002fa   0x00000000   Code   RO          597    .ARM.Collect$$libinit$$00000015  c_w.l(libinit2.o)
    0x000002fa   0x00000000   Code   RO          599    .ARM.Collect$$libinit$$00000017  c_w.l(libinit2.o)
    0x000002fa   0x00000000   Code   RO          601    .ARM.Collect$$libinit$$00000019  c_w.l(libinit2.o)
    0x000002fa   0x00000000   Code   RO          603    .ARM.Collect$$libinit$$0000001B  c_w.l(libinit2.o)
    0x000002fa   0x00000000   Code   RO          605    .ARM.Collect$$libinit$$0000001D  c_w.l(libinit2.o)
    0x000002fa   0x00000000   Code   RO          607    .ARM.Collect$$libinit$$0000001F  c_w.l(libinit2.o)
    0x000002fa   0x00000000   Code   RO          609    .ARM.Collect$$libinit$$00000021  c_w.l(libinit2.o)
    0x000002fa   0x00000000   Code   RO          611    .ARM.Collect$$libinit$$00000023  c_w.l(libinit2.o)
    0x000002fa   0x00000000   Code   RO          613    .ARM.Collect$$libinit$$00000025  c_w.l(libinit2.o)
    0x000002fa   0x00000000   Code   RO          617    .ARM.Collect$$libinit$$0000002C  c_w.l(libinit2.o)
    0x000002fa   0x00000000   Code   RO          619    .ARM.Collect$$libinit$$0000002E  c_w.l(libinit2.o)
    0x000002fa   0x00000000   Code   RO          621    .ARM.Collect$$libinit$$00000030  c_w.l(libinit2.o)
    0x000002fa   0x00000000   Code   RO          623    .ARM.Collect$$libinit$$00000032  c_w.l(libinit2.o)
    0x000002fa   0x00000002   Code   RO          624    .ARM.Collect$$libinit$$00000033  c_w.l(libinit2.o)
    0x000002fc   0x00000002   Code   RO          754    .ARM.Collect$$libshutdown$$00000000  c_w.l(libshutdown.o)
    0x000002fe   0x00000000   Code   RO          712    .ARM.Collect$$libshutdown$$00000003  c_w.l(libshutdown2.o)
    0x000002fe   0x00000000   Code   RO          715    .ARM.Collect$$libshutdown$$00000006  c_w.l(libshutdown2.o)
    0x000002fe   0x00000000   Code   RO          718    .ARM.Collect$$libshutdown$$00000009  c_w.l(libshutdown2.o)
    0x000002fe   0x00000000   Code   RO          720    .ARM.Collect$$libshutdown$$0000000B  c_w.l(libshutdown2.o)
    0x000002fe   0x00000000   Code   RO          723    .ARM.Collect$$libshutdown$$0000000E  c_w.l(libshutdown2.o)
    0x000002fe   0x00000002   Code   RO          724    .ARM.Collect$$libshutdown$$0000000F  c_w.l(libshutdown2.o)
    0x00000300   0x00000000   Code   RO          544    .ARM.Collect$$rtentry$$00000000  c_w.l(__rtentry.o)
    0x00000300   0x00000000   Code   RO          640    .ARM.Collect$$rtentry$$00000002  c_w.l(__rtentry2.o)
    0x00000300   0x00000006   Code   RO          652    .ARM.Collect$$rtentry$$00000004  c_w.l(__rtentry4.o)
    0x00000306   0x00000000   Code   RO          642    .ARM.Collect$$rtentry$$00000009  c_w.l(__rtentry2.o)
    0x00000306   0x00000004   Code   RO          643    .ARM.Collect$$rtentry$$0000000A  c_w.l(__rtentry2.o)
    0x0000030a   0x00000000   Code   RO          645    .ARM.Collect$$rtentry$$0000000C  c_w.l(__rtentry2.o)
    0x0000030a   0x00000008   Code   RO          646    .ARM.Collect$$rtentry$$0000000D  c_w.l(__rtentry2.o)
    0x00000312   0x00000002   Code   RO          700    .ARM.Collect$$rtexit$$00000000  c_w.l(rtexit.o)
    0x00000314   0x00000000   Code   RO          728    .ARM.Collect$$rtexit$$00000002  c_w.l(rtexit2.o)
    0x00000314   0x00000004   Code   RO          729    .ARM.Collect$$rtexit$$00000003  c_w.l(rtexit2.o)
    0x00000318   0x00000006   Code   RO          730    .ARM.Collect$$rtexit$$00000004  c_w.l(rtexit2.o)
    0x0000031e   0x00000002   PAD
    0x00000320   0x00000030   Code   RO          134    .text               startup_tm4c123.o
    0x00000350   0x00000006   Code   RO          500    .text               c_w.l(heapauxi.o)
    0x00000356   0x00000002   PAD
    0x00000358   0x00000008   Code   RO          636    .text               c_w.l(libspace.o)
    0x00000360   0x00000002   Code   RO          673    .text               c_w.l(use_no_semi.o)
    0x00000362   0x00000000   Code   RO          675    .text               c_w.l(indicate_semi.o)
    0x00000362   0x0000004a   Code   RO          676    .text               c_w.l(sys_stackheap_outer.o)
    0x000003ac   0x0000000c   Code   RO          682    .text               c_w.l(exit.o)
    0x000003b8   0x0000000c   Code   RO          698    .text               c_w.l(sys_exit.o)
    0x000003c4   0x0000006c   Code   RO          268    i.New_Line          uart.o
    0x00000430   0x0000007c   Code   RO          200    i.PLL_Init          pll.o
    0x000004ac   0x00000020   Code   RO            3    i.PWM               main.o
    0x000004cc   0x00000020   Code   RO            4    i.PWM2              main.o
    0x000004ec   0x000001b8   Code   RO            5    i.PWM_QEI_Init      main.o
    0x000006a4   0x00000052   Code   RO          269    i.Print_Space       uart.o
    0x000006f6   0x00000002   PAD
    0x000006f8   0x0000002c   Code   RO            6    i.QEI_Init          main.o
    0x00000724   0x0000009c   Code   RO            7    i.Switch_Init       main.o
    0x000007c0   0x0000000e   Code   RO          242    i.SysTick_Init      systick.o
    0x000007ce   0x00000002   PAD
    0x000007d0   0x00000014   Code   RO            8    i.Timer0A_Handler   main.o
    0x000007e4   0x00000058   Code   RO            9    i.Timer0_Init       main.o
    0x0000083c   0x00000018   Code   RO          273    i.UART1_OutChar     uart.o
    0x00000854   0x00000018   Code   RO          277    i.UART2_OutChar     uart.o
    0x0000086c   0x00000018   Code   RO          281    i.UART3_OutChar     uart.o
    0x00000884   0x00000018   Code   RO          285    i.UART4_OutChar     uart.o
    0x0000089c   0x00000090   Code   RO          288    i.UART5_Init        uart.o
    0x0000092c   0x00000018   Code   RO          289    i.UART5_OutChar     uart.o
    0x00000944   0x00000018   Code   RO          293    i.UART7_OutChar     uart.o
    0x0000095c   0x0000007e   Code   RO          294    i.UART_OutUDec      uart.o
    0x000009da   0x00000002   PAD
    0x000009dc   0x0000010c   Code   RO           10    i.WideTimer0A_Handler  main.o
    0x00000ae8   0x0000012c   Code   RO           11    i.WideTimer0A_Init  main.o
    0x00000c14   0x00000110   Code   RO           12    i.WideTimer1B_Handler  main.o
    0x00000d24   0x00000032   Code   RO          142    i.fifo_get          fifo.o
    0x00000d56   0x00000010   Code   RO          143    i.fifo_init         fifo.o
    0x00000d66   0x00000030   Code   RO          147    i.fifo_put          fifo.o
    0x00000d96   0x00000002   PAD
    0x00000d98   0x000000c8   Code   RO           13    i.main              main.o
    0x00000e60   0x00000062   Code   RO          504    x$fpl$d2f           fz_ws.l(d2f.o)
    0x00000ec2   0x00000002   PAD
    0x00000ec4   0x000002b0   Code   RO          507    x$fpl$ddiv          fz_ws.l(ddiv.o)
    0x00001174   0x0000005a   Code   RO          510    x$fpl$dfixu         fz_ws.l(dfixu.o)
    0x000011ce   0x00000026   Code   RO          514    x$fpl$dfltu         fz_ws.l(dflt_clz.o)
    0x000011f4   0x00000154   Code   RO          520    x$fpl$dmul          fz_ws.l(dmul.o)
    0x00001348   0x0000009c   Code   RO          625    x$fpl$dnaninf       fz_ws.l(dnaninf.o)
    0x000013e4   0x0000000c   Code   RO          627    x$fpl$dretinf       fz_ws.l(dretinf.o)
    0x000013f0   0x00000056   Code   RO          522    x$fpl$f2d           fz_ws.l(f2d.o)
    0x00001446   0x00000002   PAD
    0x00001448   0x000000c4   Code   RO          524    x$fpl$fadd          fz_ws.l(faddsub_clz.o)
    0x0000150c   0x00000184   Code   RO          531    x$fpl$fdiv          fz_ws.l(fdiv.o)
    0x00001690   0x00000030   Code   RO          535    x$fpl$fflt          fz_ws.l(fflt_clz.o)
    0x000016c0   0x00000102   Code   RO          540    x$fpl$fmul          fz_ws.l(fmul.o)
    0x000017c2   0x0000008c   Code   RO          629    x$fpl$fnaninf       fz_ws.l(fnaninf.o)
    0x0000184e   0x0000000a   Code   RO          631    x$fpl$fretinf       fz_ws.l(fretinf.o)
    0x00001858   0x00000014   Code   RO          525    x$fpl$frsb          fz_ws.l(faddsub_clz.o)
    0x0000186c   0x000000ea   Code   RO          526    x$fpl$fsub          fz_ws.l(faddsub_clz.o)
    0x00001956   0x00000000   Code   RO          633    x$fpl$usenofp       fz_ws.l(usenofp.o)
    0x00001956   0x00000002   PAD
    0x00001958   0x00000020   Data   RO          755    Region$$Table       anon$$obj.o


    Execution Region ER_RW (Base: 0x20000000, Size: 0x00000024, Max: 0xffffffff, ABSOLUTE)

    Base Addr    Size         Type   Attr      Idx    E Section Name        Object

    0x20000000   0x00000024   Data   RW           15    .data               main.o


    Execution Region ER_ZI (Base: 0x20000024, Size: 0x00000c4c, Max: 0xffffffff, ABSOLUTE)

    Base Addr    Size         Type   Attr      Idx    E Section Name        Object

    0x20000024   0x000007e8   Zero   RW           14    .bss                main.o
    0x2000080c   0x00000060   Zero   RW          637    .bss                c_w.l(libspace.o)
    0x2000086c   0x00000004   PAD
    0x20000870   0x00000000   Zero   RW          132    HEAP                startup_tm4c123.o
    0x20000870   0x00000400   Zero   RW          131    STACK               startup_tm4c123.o


==============================================================================

Image component sizes


      Code (inc. data)   RO Data    RW Data    ZI Data      Debug   Object Name

       114          0          0          0          0       1730   fifo.o
      1852        278          0         36       2024      11294   main.o
       124          4          0          0          0        407   pll.o
       692        632          0          0       1024        972   startup_tm4c123.o
        14          0          0          0          0        383   systick.o
       604         74          0          0          0       4589   uart.o

    ----------------------------------------------------------------------
      3408        988         32         36       3048      19375   Object Totals
         0          0         32          0          0          0   (incl. Generated)
         8          0          0          0          0          0   (incl. Padding)

    ----------------------------------------------------------------------

      Code (inc. data)   RO Data    RW Data    ZI Data      Debug   Library Member Name

         8          0          0          0          0         68   __main.o
         0          0          0          0          0          0   __rtentry.o
        12          0          0          0          0          0   __rtentry2.o
         6          0          0          0          0          0   __rtentry4.o
        52          8          0          0          0          0   __scatter.o
        26          0          0          0          0          0   __scatter_copy.o
        28          0          0          0          0          0   __scatter_zi.o
        12          0          0          0          0         72   exit.o
         6          0          0          0          0        152   heapauxi.o
         0          0          0          0          0          0   indicate_semi.o
         2          0          0          0          0          0   libinit.o
         2          0          0          0          0          0   libinit2.o
         2          0          0          0          0          0   libshutdown.o
         2          0          0          0          0          0   libshutdown2.o
         8          4          0          0         96         68   libspace.o
         2          0          0          0          0          0   rtexit.o
        10          0          0          0          0          0   rtexit2.o
        12          4          0          0          0         68   sys_exit.o
        74          0          0          0          0         80   sys_stackheap_outer.o
         2          0          0          0          0         68   use_no_semi.o
        98          4          0          0          0         92   d2f.o
       688        140          0          0          0        208   ddiv.o
        90          4          0          0          0         92   dfixu.o
        38          0          0          0          0         68   dflt_clz.o
       340         12          0          0          0        104   dmul.o
       156          4          0          0          0         92   dnaninf.o
        12          0          0          0          0         68   dretinf.o
        86          4          0          0          0         84   f2d.o
       450          8          0          0          0        236   faddsub_clz.o
       388         76          0          0          0         96   fdiv.o
        48          0          0          0          0         68   fflt_clz.o
       258          4          0          0          0         84   fmul.o
       140          4          0          0          0         84   fnaninf.o
        10          0          0          0          0         68   fretinf.o
         0          0          0          0          0          0   usenofp.o

    ----------------------------------------------------------------------
      3080        276          0          0        100       2020   Library Totals
        12          0          0          0          4          0   (incl. Padding)

    ----------------------------------------------------------------------

      Code (inc. data)   RO Data    RW Data    ZI Data      Debug   Library Name

       266         16          0          0         96        576   c_w.l
      2802        260          0          0          0       1444   fz_ws.l

    ----------------------------------------------------------------------
      3080        276          0          0        100       2020   Library Totals

    ----------------------------------------------------------------------

==============================================================================


      Code (inc. data)   RO Data    RW Data    ZI Data      Debug   

      6488       1264         32         36       3148      19259   Grand Totals
      6488       1264         32         36       3148      19259   ELF Image Totals
      6488       1264         32         36          0          0   ROM Totals

==============================================================================

    Total RO  Size (Code + RO Data)                 6520 (   6.37kB)
    Total RW  Size (RW Data + ZI Data)              3184 (   3.11kB)
    Total ROM Size (Code + RO Data + RW Data)       6556 (   6.40kB)

==============================================================================

