<html>
<body>
<pre>
<h1>µVision Build Log</h1>
<h2>Tool Versions:</h2>
IDE-Version: µVision V5.15
Copyright (C) 2015 ARM Ltd and ARM Germany GmbH. All rights reserved.
License Information: Ishan Patel, SVNIT, LIC=----
 
Tool Versions:
Toolchain:       MDK-Lite  Version: 5.15.0
Toolchain Path:  C:\Keil_v5\ARM\ARMCC\Bin
C Compiler:      Armcc.exe V5.05 update 2 (build 169)
Assembler:       Armasm.exe V5.05 update 2 (build 169)
Linker/Locator:  ArmLink.exe V5.05 update 2 (build 169)
Library Manager: ArmAr.exe V5.05 update 2 (build 169)
Hex Converter:   FromElf.exe V5.05 update 2 (build 169)
CPU DLL:         SARMCM3.DLL V5.15.0
Dialog DLL:      DCM.DLL V1.13.2.0
Target DLL:      lmidk-agdi.dll V???
Dialog DLL:      TCM.DLL V1.14.5.0
 
<h2>Project:</h2>
F:\tiva programs\New folder\Timer_Capture\Timer_Capture.uvprojx
Project File Date:  10/16/2015

<h2>Output:</h2>
*** Using Compiler 'V5.05 update 2 (build 169)', folder: 'C:\Keil_v5\ARM\ARMCC\Bin'
Build target 'Target 1'
compiling Timer_Capture.c...
Timer_Capture.c(9): warning:  #1295-D: Deprecated declaration WaitForInterrupt - give arg types
  void WaitForInterrupt();
Timer_Capture.c(81): warning:  #1-D: last line of file ends without a newline
  }
Timer_Capture.c: 2 warnings, 0 errors
assembling startup_TM4C123.s...
compiling PLL.c...
compiling SysTick.c...
compiling UART.c...
linking...
Program Size: Code=1956 RO-data=16 RW-data=0 ZI-data=1120  
".\Objects\Timer_Capture.axf" - 0 Error(s), 2 Warning(s).

<h2>Collection of Component include folders:</h2>
  F:\tiva programs\New folder\Timer_Capture\RTE
  C:\Keil_v5\ARM\PACK\Keil\TM4C_DFP\1.0.0\Device\Include\TM4C123

<h2>Collection of Component Files used:</h2>
</pre>
</body>
</html>
