<html>
<body>
<pre>
<h1>µVision Build Log</h1>
<h2>Project:</h2>
C:\Users\dell\Desktop\Tiva_C_Sample\Tiva_C_Sample.uvproj
Project File Date:  08/20/2015

<h2>Output:</h2>
Build target 'Target 1'
compiling pwm_sample.c...
linking...
Program Size: Code=3172 RO-data=16 RW-data=0 ZI-data=1120  
".\Tiva_C_Sample.axf" - 0 Error(s), 0 Warning(s).
Load "C:\\Users\\dell\\Desktop\\Tiva_C_Sample\\Tiva_C_Sample.axf" 
Connecting: Mode=JTAG, Speed=1000000Hz
Erase Done.
Programming Done.
Verify OK.
Load "C:\\Users\\dell\\Desktop\\Tiva_C_Sample\\Tiva_C_Sample.axf" 
Connecting: Mode=JTAG, Speed=1000000Hz
Erase Done.
Programming Done.
Verify OK.
</pre>
</body>
</html>
).
