Component: ARM Compiler 5.05 update 2 (build 169) Tool: armlink [4d0f33]

==============================================================================

Section Cross References

    main.o(i.main) refers to pll.o(i.PLL_Init) for PLL_Init
    main.o(i.main) refers to systick.o(i.SysTick_Init) for SysTick_Init
    main.o(i.main) refers to main.o(i.PWM_Init) for PWM_Init
    main.o(i.main) refers to main.o(i.QEI0_Init) for QEI0_Init
    main.o(i.main) refers to main.o(i.QEI1_Init) for QEI1_Init
    main.o(i.main) refers to uart.o(i.UART5_Init) for UART5_Init
    main.o(i.main) refers to main.o(i.Switch_Init) for Switch_Init
    main.o(i.main) refers to main.o(i.PWM) for PWM
    main.o(i.main) refers to main.o(i.PWM2) for PWM2
    main.o(i.main) refers to systick.o(i.SysTick_Wait10ms) for SysTick_Wait10ms
    main.o(i.main) refers to uart.o(i.UART_OutUDec) for UART_OutUDec
    main.o(i.main) refers to uart.o(i.Print_Space) for Print_Space
    main.o(i.main) refers to uart.o(i.New_Line) for New_Line
    startup_tm4c123.o(STACK) refers (Special) to heapauxi.o(.text) for __use_two_region_memory
    startup_tm4c123.o(HEAP) refers (Special) to heapauxi.o(.text) for __use_two_region_memory
    startup_tm4c123.o(RESET) refers (Special) to heapauxi.o(.text) for __use_two_region_memory
    startup_tm4c123.o(RESET) refers to startup_tm4c123.o(STACK) for StackMem
    startup_tm4c123.o(RESET) refers to __main.o(!!!main) for __main
    startup_tm4c123.o(.text) refers (Special) to heapauxi.o(.text) for __use_two_region_memory
    startup_tm4c123.o(.text) refers to startup_tm4c123.o(HEAP) for HeapMem
    startup_tm4c123.o(.text) refers to startup_tm4c123.o(STACK) for StackMem
    systick.o(i.SysTick_Wait10ms) refers to systick.o(i.SysTick_Wait) for SysTick_Wait
    uart.o(i.New_Line) refers to uart.o(i.UART1_OutChar) for UART1_OutChar
    uart.o(i.New_Line) refers to uart.o(i.UART2_OutChar) for UART2_OutChar
    uart.o(i.New_Line) refers to uart.o(i.UART3_OutChar) for UART3_OutChar
    uart.o(i.New_Line) refers to uart.o(i.UART4_OutChar) for UART4_OutChar
    uart.o(i.New_Line) refers to uart.o(i.UART5_OutChar) for UART5_OutChar
    uart.o(i.New_Line) refers to uart.o(i.UART7_OutChar) for UART7_OutChar
    uart.o(i.Print_Space) refers to uart.o(i.UART1_OutChar) for UART1_OutChar
    uart.o(i.Print_Space) refers to uart.o(i.UART2_OutChar) for UART2_OutChar
    uart.o(i.Print_Space) refers to uart.o(i.UART3_OutChar) for UART3_OutChar
    uart.o(i.Print_Space) refers to uart.o(i.UART4_OutChar) for UART4_OutChar
    uart.o(i.Print_Space) refers to uart.o(i.UART5_OutChar) for UART5_OutChar
    uart.o(i.Print_Space) refers to uart.o(i.UART7_OutChar) for UART7_OutChar
    uart.o(i.UART_OutUDec) refers to uart.o(i.UART1_OutChar) for UART1_OutChar
    uart.o(i.UART_OutUDec) refers to uart.o(i.UART2_OutChar) for UART2_OutChar
    uart.o(i.UART_OutUDec) refers to uart.o(i.UART3_OutChar) for UART3_OutChar
    uart.o(i.UART_OutUDec) refers to uart.o(i.UART4_OutChar) for UART4_OutChar
    uart.o(i.UART_OutUDec) refers to uart.o(i.UART5_OutChar) for UART5_OutChar
    uart.o(i.UART_OutUDec) refers to uart.o(i.UART7_OutChar) for UART7_OutChar
    __main.o(!!!main) refers to __rtentry.o(.ARM.Collect$$rtentry$$00000000) for __rt_entry
    __rtentry.o(.ARM.Collect$$rtentry$$00000000) refers (Special) to __rtentry2.o(.ARM.Collect$$rtentry$$0000000A) for __rt_entry_li
    __rtentry.o(.ARM.Collect$$rtentry$$00000000) refers (Special) to __rtentry2.o(.ARM.Collect$$rtentry$$0000000D) for __rt_entry_main
    __rtentry.o(.ARM.Collect$$rtentry$$00000000) refers (Special) to __rtentry2.o(.ARM.Collect$$rtentry$$0000000C) for __rt_entry_postli_1
    __rtentry.o(.ARM.Collect$$rtentry$$00000000) refers (Special) to __rtentry2.o(.ARM.Collect$$rtentry$$00000009) for __rt_entry_postsh_1
    __rtentry.o(.ARM.Collect$$rtentry$$00000000) refers (Special) to __rtentry2.o(.ARM.Collect$$rtentry$$00000002) for __rt_entry_presh_1
    __rtentry.o(.ARM.Collect$$rtentry$$00000000) refers (Special) to __rtentry4.o(.ARM.Collect$$rtentry$$00000004) for __rt_entry_sh
    __rtentry2.o(.ARM.Collect$$rtentry$$00000008) refers to boardinit2.o(.text) for _platform_post_stackheap_init
    __rtentry2.o(.ARM.Collect$$rtentry$$0000000A) refers to libinit.o(.ARM.Collect$$libinit$$00000000) for __rt_lib_init
    __rtentry2.o(.ARM.Collect$$rtentry$$0000000B) refers to boardinit3.o(.text) for _platform_post_lib_init
    __rtentry2.o(.ARM.Collect$$rtentry$$0000000D) refers to main.o(i.main) for main
    __rtentry2.o(.ARM.Collect$$rtentry$$0000000D) refers to exit.o(.text) for exit
    __rtentry2.o(.ARM.exidx) refers to __rtentry2.o(.ARM.Collect$$rtentry$$00000001) for .ARM.Collect$$rtentry$$00000001
    __rtentry2.o(.ARM.exidx) refers to __rtentry2.o(.ARM.Collect$$rtentry$$00000008) for .ARM.Collect$$rtentry$$00000008
    __rtentry2.o(.ARM.exidx) refers to __rtentry2.o(.ARM.Collect$$rtentry$$0000000A) for .ARM.Collect$$rtentry$$0000000A
    __rtentry2.o(.ARM.exidx) refers to __rtentry2.o(.ARM.Collect$$rtentry$$0000000B) for .ARM.Collect$$rtentry$$0000000B
    __rtentry2.o(.ARM.exidx) refers to __rtentry2.o(.ARM.Collect$$rtentry$$0000000D) for .ARM.Collect$$rtentry$$0000000D
    __rtentry4.o(.ARM.Collect$$rtentry$$00000004) refers to sys_stackheap_outer.o(.text) for __user_setup_stackheap
    __rtentry4.o(.ARM.exidx) refers to __rtentry4.o(.ARM.Collect$$rtentry$$00000004) for .ARM.Collect$$rtentry$$00000004
    sys_stackheap_outer.o(.text) refers to libspace.o(.text) for __user_perproc_libspace
    sys_stackheap_outer.o(.text) refers to startup_tm4c123.o(.text) for __user_initial_stackheap
    exit.o(.text) refers to rtexit.o(.ARM.Collect$$rtexit$$00000000) for __rt_exit
    libinit.o(.ARM.Collect$$libinit$$00000000) refers (Special) to libinit2.o(.ARM.Collect$$libinit$$0000002E) for __rt_lib_init_alloca_1
    libinit.o(.ARM.Collect$$libinit$$00000000) refers (Special) to libinit2.o(.ARM.Collect$$libinit$$0000002C) for __rt_lib_init_argv_1
    libinit.o(.ARM.Collect$$libinit$$00000000) refers (Special) to libinit2.o(.ARM.Collect$$libinit$$0000001B) for __rt_lib_init_atexit_1
    libinit.o(.ARM.Collect$$libinit$$00000000) refers (Special) to libinit2.o(.ARM.Collect$$libinit$$00000021) for __rt_lib_init_clock_1
    libinit.o(.ARM.Collect$$libinit$$00000000) refers (Special) to libinit2.o(.ARM.Collect$$libinit$$00000032) for __rt_lib_init_cpp_1
    libinit.o(.ARM.Collect$$libinit$$00000000) refers (Special) to libinit2.o(.ARM.Collect$$libinit$$00000030) for __rt_lib_init_exceptions_1
    libinit.o(.ARM.Collect$$libinit$$00000000) refers (Special) to libinit2.o(.ARM.Collect$$libinit$$00000001) for __rt_lib_init_fp_1
    libinit.o(.ARM.Collect$$libinit$$00000000) refers (Special) to libinit2.o(.ARM.Collect$$libinit$$0000001F) for __rt_lib_init_fp_trap_1
    libinit.o(.ARM.Collect$$libinit$$00000000) refers (Special) to libinit2.o(.ARM.Collect$$libinit$$00000023) for __rt_lib_init_getenv_1
    libinit.o(.ARM.Collect$$libinit$$00000000) refers (Special) to libinit2.o(.ARM.Collect$$libinit$$0000000A) for __rt_lib_init_heap_1
    libinit.o(.ARM.Collect$$libinit$$00000000) refers (Special) to libinit2.o(.ARM.Collect$$libinit$$00000011) for __rt_lib_init_lc_collate_1
    libinit.o(.ARM.Collect$$libinit$$00000000) refers (Special) to libinit2.o(.ARM.Collect$$libinit$$00000013) for __rt_lib_init_lc_ctype_1
    libinit.o(.ARM.Collect$$libinit$$00000000) refers (Special) to libinit2.o(.ARM.Collect$$libinit$$00000015) for __rt_lib_init_lc_monetary_1
    libinit.o(.ARM.Collect$$libinit$$00000000) refers (Special) to libinit2.o(.ARM.Collect$$libinit$$00000017) for __rt_lib_init_lc_numeric_1
    libinit.o(.ARM.Collect$$libinit$$00000000) refers (Special) to libinit2.o(.ARM.Collect$$libinit$$00000019) for __rt_lib_init_lc_time_1
    libinit.o(.ARM.Collect$$libinit$$00000000) refers (Special) to libinit2.o(.ARM.Collect$$libinit$$00000004) for __rt_lib_init_preinit_1
    libinit.o(.ARM.Collect$$libinit$$00000000) refers (Special) to libinit2.o(.ARM.Collect$$libinit$$0000000E) for __rt_lib_init_rand_1
    libinit.o(.ARM.Collect$$libinit$$00000000) refers (Special) to libinit2.o(.ARM.Collect$$libinit$$00000033) for __rt_lib_init_return
    libinit.o(.ARM.Collect$$libinit$$00000000) refers (Special) to libinit2.o(.ARM.Collect$$libinit$$0000001D) for __rt_lib_init_signal_1
    libinit.o(.ARM.Collect$$libinit$$00000000) refers (Special) to libinit2.o(.ARM.Collect$$libinit$$00000025) for __rt_lib_init_stdio_1
    libinit.o(.ARM.Collect$$libinit$$00000000) refers (Special) to libinit2.o(.ARM.Collect$$libinit$$0000000C) for __rt_lib_init_user_alloc_1
    libspace.o(.text) refers to libspace.o(.bss) for __libspace_start
    rtexit.o(.ARM.Collect$$rtexit$$00000000) refers (Special) to rtexit2.o(.ARM.Collect$$rtexit$$00000004) for __rt_exit_exit
    rtexit.o(.ARM.Collect$$rtexit$$00000000) refers (Special) to rtexit2.o(.ARM.Collect$$rtexit$$00000003) for __rt_exit_ls
    rtexit.o(.ARM.Collect$$rtexit$$00000000) refers (Special) to rtexit2.o(.ARM.Collect$$rtexit$$00000002) for __rt_exit_prels_1
    rtexit.o(.ARM.exidx) refers (Special) to rtexit2.o(.ARM.Collect$$rtexit$$00000004) for __rt_exit_exit
    rtexit.o(.ARM.exidx) refers (Special) to rtexit2.o(.ARM.Collect$$rtexit$$00000003) for __rt_exit_ls
    rtexit.o(.ARM.exidx) refers (Special) to rtexit2.o(.ARM.Collect$$rtexit$$00000002) for __rt_exit_prels_1
    rtexit.o(.ARM.exidx) refers to rtexit.o(.ARM.Collect$$rtexit$$00000000) for .ARM.Collect$$rtexit$$00000000
    libinit2.o(.ARM.Collect$$libinit$$00000001) refers to fpinit.o(x$fpl$fpinit) for _fp_init
    libinit2.o(.ARM.Collect$$libinit$$00000010) refers to libinit2.o(.ARM.Collect$$libinit$$0000000F) for .ARM.Collect$$libinit$$0000000F
    libinit2.o(.ARM.Collect$$libinit$$00000012) refers to libinit2.o(.ARM.Collect$$libinit$$0000000F) for .ARM.Collect$$libinit$$0000000F
    libinit2.o(.ARM.Collect$$libinit$$00000014) refers to libinit2.o(.ARM.Collect$$libinit$$0000000F) for .ARM.Collect$$libinit$$0000000F
    libinit2.o(.ARM.Collect$$libinit$$00000016) refers to libinit2.o(.ARM.Collect$$libinit$$0000000F) for .ARM.Collect$$libinit$$0000000F
    libinit2.o(.ARM.Collect$$libinit$$00000018) refers to libinit2.o(.ARM.Collect$$libinit$$0000000F) for .ARM.Collect$$libinit$$0000000F
    libinit2.o(.ARM.Collect$$libinit$$00000026) refers to argv_veneer.o(.emb_text) for __ARM_argv_veneer
    libinit2.o(.ARM.Collect$$libinit$$00000027) refers to argv_veneer.o(.emb_text) for __ARM_argv_veneer
    rtexit2.o(.ARM.Collect$$rtexit$$00000003) refers to libshutdown.o(.ARM.Collect$$libshutdown$$00000000) for __rt_lib_shutdown
    rtexit2.o(.ARM.Collect$$rtexit$$00000004) refers to sys_exit.o(.text) for _sys_exit
    rtexit2.o(.ARM.exidx) refers to rtexit2.o(.ARM.Collect$$rtexit$$00000001) for .ARM.Collect$$rtexit$$00000001
    rtexit2.o(.ARM.exidx) refers to rtexit2.o(.ARM.Collect$$rtexit$$00000003) for .ARM.Collect$$rtexit$$00000003
    rtexit2.o(.ARM.exidx) refers to rtexit2.o(.ARM.Collect$$rtexit$$00000004) for .ARM.Collect$$rtexit$$00000004
    argv_veneer.o(.emb_text) refers to no_argv.o(.text) for __ARM_get_argv
    sys_exit.o(.text) refers (Special) to use_no_semi.o(.text) for __I$use$semihosting
    sys_exit.o(.text) refers (Special) to indicate_semi.o(.text) for __semihosting_library_function
    _get_argv_nomalloc.o(.text) refers (Special) to hrguard.o(.text) for __heap_region$guard
    _get_argv_nomalloc.o(.text) refers to defsig_rtmem_outer.o(.text) for __rt_SIGRTMEM
    _get_argv_nomalloc.o(.text) refers to sys_command.o(.text) for _sys_command_string
    libshutdown.o(.ARM.Collect$$libshutdown$$00000000) refers (Special) to libshutdown2.o(.ARM.Collect$$libshutdown$$00000006) for __rt_lib_shutdown_fp_trap_1
    libshutdown.o(.ARM.Collect$$libshutdown$$00000000) refers (Special) to libshutdown2.o(.ARM.Collect$$libshutdown$$0000000E) for __rt_lib_shutdown_heap_1
    libshutdown.o(.ARM.Collect$$libshutdown$$00000000) refers (Special) to libshutdown2.o(.ARM.Collect$$libshutdown$$0000000F) for __rt_lib_shutdown_return
    libshutdown.o(.ARM.Collect$$libshutdown$$00000000) refers (Special) to libshutdown2.o(.ARM.Collect$$libshutdown$$00000009) for __rt_lib_shutdown_signal_1
    libshutdown.o(.ARM.Collect$$libshutdown$$00000000) refers (Special) to libshutdown2.o(.ARM.Collect$$libshutdown$$00000003) for __rt_lib_shutdown_stdio_1
    libshutdown.o(.ARM.Collect$$libshutdown$$00000000) refers (Special) to libshutdown2.o(.ARM.Collect$$libshutdown$$0000000B) for __rt_lib_shutdown_user_alloc_1
    sys_command.o(.text) refers (Special) to use_no_semi.o(.text) for __I$use$semihosting
    sys_command.o(.text) refers (Special) to indicate_semi.o(.text) for __semihosting_library_function
    defsig_rtmem_outer.o(.text) refers to defsig_rtmem_inner.o(.text) for __rt_SIGRTMEM_inner
    defsig_rtmem_outer.o(.text) refers to defsig_exit.o(.text) for __sig_exit
    defsig_rtmem_formal.o(.text) refers to rt_raise.o(.text) for __rt_raise
    rt_raise.o(.text) refers to __raise.o(.text) for __raise
    rt_raise.o(.text) refers to sys_exit.o(.text) for _sys_exit
    defsig_exit.o(.text) refers to sys_exit.o(.text) for _sys_exit
    defsig_rtmem_inner.o(.text) refers to defsig_general.o(.text) for __default_signal_display
    __raise.o(.text) refers to defsig.o(CL$$defsig) for __default_signal_handler
    defsig_general.o(.text) refers to sys_wrch.o(.text) for _ttywrch
    sys_wrch.o(.text) refers (Special) to use_no_semi.o(.text) for __I$use$semihosting
    sys_wrch.o(.text) refers (Special) to indicate_semi.o(.text) for __semihosting_library_function
    defsig.o(CL$$defsig) refers to defsig_rtmem_inner.o(.text) for __rt_SIGRTMEM_inner
    defsig_abrt_inner.o(.text) refers to defsig_general.o(.text) for __default_signal_display
    defsig_fpe_inner.o(.text) refers to defsig_general.o(.text) for __default_signal_display
    defsig_rtred_inner.o(.text) refers to defsig_general.o(.text) for __default_signal_display
    defsig_stak_inner.o(.text) refers to defsig_general.o(.text) for __default_signal_display
    defsig_pvfn_inner.o(.text) refers to defsig_general.o(.text) for __default_signal_display
    defsig_cppl_inner.o(.text) refers to defsig_general.o(.text) for __default_signal_display
    defsig_segv_inner.o(.text) refers to defsig_general.o(.text) for __default_signal_display
    defsig_other.o(.text) refers to defsig_general.o(.text) for __default_signal_display


==============================================================================

Removing Unused input sections from the image.

    Removing main.o(.rev16_text), (4 bytes).
    Removing main.o(.revsh_text), (4 bytes).
    Removing uart.o(.rev16_text), (4 bytes).
    Removing uart.o(.revsh_text), (4 bytes).
    Removing uart.o(i.UART1_InChar), (28 bytes).
    Removing uart.o(i.UART1_InCharNonBlocking), (28 bytes).
    Removing uart.o(i.UART1_Init), (272 bytes).
    Removing uart.o(i.UART2_InChar), (28 bytes).
    Removing uart.o(i.UART2_InCharNonBlocking), (28 bytes).
    Removing uart.o(i.UART2_Init), (168 bytes).
    Removing uart.o(i.UART3_InChar), (28 bytes).
    Removing uart.o(i.UART3_InCharNonBlocking), (28 bytes).
    Removing uart.o(i.UART3_Init), (144 bytes).
    Removing uart.o(i.UART4_InChar), (28 bytes).
    Removing uart.o(i.UART4_InCharNonBlocking), (28 bytes).
    Removing uart.o(i.UART4_Init), (144 bytes).
    Removing uart.o(i.UART5_InChar), (28 bytes).
    Removing uart.o(i.UART5_InCharNonBlocking), (28 bytes).
    Removing uart.o(i.UART7_InChar), (28 bytes).
    Removing uart.o(i.UART7_InCharNonBlocking), (28 bytes).
    Removing uart.o(i.UART7_Init), (140 bytes).

21 unused section(s) (total 1220 bytes) removed from the image.

==============================================================================

Image Symbol Table

    Local Symbols

    Symbol Name                              Value     Ov Type        Size  Object(Section)

    RESET                                    0x00000000   Section      644  startup_tm4c123.o(RESET)
    ../clib/angel/boardlib.s                 0x00000000   Number         0  boardinit2.o ABSOLUTE
    ../clib/angel/boardlib.s                 0x00000000   Number         0  boardshut.o ABSOLUTE
    ../clib/angel/boardlib.s                 0x00000000   Number         0  boardinit1.o ABSOLUTE
    ../clib/angel/boardlib.s                 0x00000000   Number         0  boardinit3.o ABSOLUTE
    ../clib/angel/handlers.s                 0x00000000   Number         0  __scatter_zi.o ABSOLUTE
    ../clib/angel/kernel.s                   0x00000000   Number         0  rtexit.o ABSOLUTE
    ../clib/angel/kernel.s                   0x00000000   Number         0  rtexit2.o ABSOLUTE
    ../clib/angel/kernel.s                   0x00000000   Number         0  __rtentry4.o ABSOLUTE
    ../clib/angel/kernel.s                   0x00000000   Number         0  __rtentry2.o ABSOLUTE
    ../clib/angel/kernel.s                   0x00000000   Number         0  __rtentry.o ABSOLUTE
    ../clib/angel/rt.s                       0x00000000   Number         0  rt_raise.o ABSOLUTE
    ../clib/angel/scatter.s                  0x00000000   Number         0  __scatter.o ABSOLUTE
    ../clib/angel/startup.s                  0x00000000   Number         0  __main.o ABSOLUTE
    ../clib/angel/sys.s                      0x00000000   Number         0  libspace.o ABSOLUTE
    ../clib/angel/sys.s                      0x00000000   Number         0  indicate_semi.o ABSOLUTE
    ../clib/angel/sys.s                      0x00000000   Number         0  use_no_semi.o ABSOLUTE
    ../clib/angel/sys.s                      0x00000000   Number         0  sys_stackheap_outer.o ABSOLUTE
    ../clib/angel/sysapp.c                   0x00000000   Number         0  sys_exit.o ABSOLUTE
    ../clib/angel/sysapp.c                   0x00000000   Number         0  sys_command.o ABSOLUTE
    ../clib/angel/sysapp.c                   0x00000000   Number         0  sys_wrch.o ABSOLUTE
    ../clib/armsys.c                         0x00000000   Number         0  no_argv.o ABSOLUTE
    ../clib/armsys.c                         0x00000000   Number         0  argv_veneer.o ABSOLUTE
    ../clib/armsys.c                         0x00000000   Number         0  argv_veneer.o ABSOLUTE
    ../clib/armsys.c                         0x00000000   Number         0  _get_argv_nomalloc.o ABSOLUTE
    ../clib/heapalloc.c                      0x00000000   Number         0  hrguard.o ABSOLUTE
    ../clib/heapaux.c                        0x00000000   Number         0  heapauxi.o ABSOLUTE
    ../clib/libinit.s                        0x00000000   Number         0  libinit2.o ABSOLUTE
    ../clib/libinit.s                        0x00000000   Number         0  libinit.o ABSOLUTE
    ../clib/libinit.s                        0x00000000   Number         0  libshutdown.o ABSOLUTE
    ../clib/libinit.s                        0x00000000   Number         0  libshutdown2.o ABSOLUTE
    ../clib/signal.c                         0x00000000   Number         0  defsig_rtmem_outer.o ABSOLUTE
    ../clib/signal.c                         0x00000000   Number         0  defsig_fpe_inner.o ABSOLUTE
    ../clib/signal.c                         0x00000000   Number         0  defsig_other.o ABSOLUTE
    ../clib/signal.c                         0x00000000   Number         0  defsig_segv_inner.o ABSOLUTE
    ../clib/signal.c                         0x00000000   Number         0  defsig_cppl_inner.o ABSOLUTE
    ../clib/signal.c                         0x00000000   Number         0  defsig_pvfn_inner.o ABSOLUTE
    ../clib/signal.c                         0x00000000   Number         0  defsig_stak_inner.o ABSOLUTE
    ../clib/signal.c                         0x00000000   Number         0  defsig_rtred_inner.o ABSOLUTE
    ../clib/signal.c                         0x00000000   Number         0  defsig_rtmem_inner.o ABSOLUTE
    ../clib/signal.c                         0x00000000   Number         0  defsig_exit.o ABSOLUTE
    ../clib/signal.c                         0x00000000   Number         0  __raise.o ABSOLUTE
    ../clib/signal.c                         0x00000000   Number         0  defsig_general.o ABSOLUTE
    ../clib/signal.c                         0x00000000   Number         0  defsig_rtmem_formal.o ABSOLUTE
    ../clib/signal.c                         0x00000000   Number         0  defsig_abrt_inner.o ABSOLUTE
    ../clib/signal.s                         0x00000000   Number         0  defsig.o ABSOLUTE
    ../clib/stdlib.c                         0x00000000   Number         0  exit.o ABSOLUTE
    ../fplib/fpinit.s                        0x00000000   Number         0  fpinit.o ABSOLUTE
    PLL.c                                    0x00000000   Number         0  pll.o ABSOLUTE
    SysTick.c                                0x00000000   Number         0  systick.o ABSOLUTE
    UART.c                                   0x00000000   Number         0  uart.o ABSOLUTE
    UART.c                                   0x00000000   Number         0  uart.o ABSOLUTE
    dc.s                                     0x00000000   Number         0  dc.o ABSOLUTE
    main.c                                   0x00000000   Number         0  main.o ABSOLUTE
    main.c                                   0x00000000   Number         0  main.o ABSOLUTE
    startup_TM4C123.s                        0x00000000   Number         0  startup_tm4c123.o ABSOLUTE
    $v0                                      0x0000026c   Number         0  startup_tm4c123.o(RESET)
    !!!main                                  0x00000284   Section        8  __main.o(!!!main)
    !!!scatter                               0x0000028c   Section       52  __scatter.o(!!!scatter)
    !!handler_zi                             0x000002c0   Section       28  __scatter_zi.o(!!handler_zi)
    .ARM.Collect$$libinit$$00000000          0x000002dc   Section        2  libinit.o(.ARM.Collect$$libinit$$00000000)
    .ARM.Collect$$libinit$$00000001          0x000002de   Section        4  libinit2.o(.ARM.Collect$$libinit$$00000001)
    .ARM.Collect$$libinit$$00000004          0x000002e2   Section        0  libinit2.o(.ARM.Collect$$libinit$$00000004)
    .ARM.Collect$$libinit$$0000000A          0x000002e2   Section        0  libinit2.o(.ARM.Collect$$libinit$$0000000A)
    .ARM.Collect$$libinit$$0000000C          0x000002e2   Section        0  libinit2.o(.ARM.Collect$$libinit$$0000000C)
    .ARM.Collect$$libinit$$0000000E          0x000002e2   Section        0  libinit2.o(.ARM.Collect$$libinit$$0000000E)
    .ARM.Collect$$libinit$$00000011          0x000002e2   Section        0  libinit2.o(.ARM.Collect$$libinit$$00000011)
    .ARM.Collect$$libinit$$00000013          0x000002e2   Section        0  libinit2.o(.ARM.Collect$$libinit$$00000013)
    .ARM.Collect$$libinit$$00000015          0x000002e2   Section        0  libinit2.o(.ARM.Collect$$libinit$$00000015)
    .ARM.Collect$$libinit$$00000017          0x000002e2   Section        0  libinit2.o(.ARM.Collect$$libinit$$00000017)
    .ARM.Collect$$libinit$$00000019          0x000002e2   Section        0  libinit2.o(.ARM.Collect$$libinit$$00000019)
    .ARM.Collect$$libinit$$0000001B          0x000002e2   Section        0  libinit2.o(.ARM.Collect$$libinit$$0000001B)
    .ARM.Collect$$libinit$$0000001D          0x000002e2   Section        0  libinit2.o(.ARM.Collect$$libinit$$0000001D)
    .ARM.Collect$$libinit$$0000001F          0x000002e2   Section        0  libinit2.o(.ARM.Collect$$libinit$$0000001F)
    .ARM.Collect$$libinit$$00000021          0x000002e2   Section        0  libinit2.o(.ARM.Collect$$libinit$$00000021)
    .ARM.Collect$$libinit$$00000023          0x000002e2   Section        0  libinit2.o(.ARM.Collect$$libinit$$00000023)
    .ARM.Collect$$libinit$$00000025          0x000002e2   Section        0  libinit2.o(.ARM.Collect$$libinit$$00000025)
    .ARM.Collect$$libinit$$0000002C          0x000002e2   Section        0  libinit2.o(.ARM.Collect$$libinit$$0000002C)
    .ARM.Collect$$libinit$$0000002E          0x000002e2   Section        0  libinit2.o(.ARM.Collect$$libinit$$0000002E)
    .ARM.Collect$$libinit$$00000030          0x000002e2   Section        0  libinit2.o(.ARM.Collect$$libinit$$00000030)
    .ARM.Collect$$libinit$$00000032          0x000002e2   Section        0  libinit2.o(.ARM.Collect$$libinit$$00000032)
    .ARM.Collect$$libinit$$00000033          0x000002e2   Section        2  libinit2.o(.ARM.Collect$$libinit$$00000033)
    .ARM.Collect$$libshutdown$$00000000      0x000002e4   Section        2  libshutdown.o(.ARM.Collect$$libshutdown$$00000000)
    .ARM.Collect$$libshutdown$$00000003      0x000002e6   Section        0  libshutdown2.o(.ARM.Collect$$libshutdown$$00000003)
    .ARM.Collect$$libshutdown$$00000006      0x000002e6   Section        0  libshutdown2.o(.ARM.Collect$$libshutdown$$00000006)
    .ARM.Collect$$libshutdown$$00000009      0x000002e6   Section        0  libshutdown2.o(.ARM.Collect$$libshutdown$$00000009)
    .ARM.Collect$$libshutdown$$0000000B      0x000002e6   Section        0  libshutdown2.o(.ARM.Collect$$libshutdown$$0000000B)
    .ARM.Collect$$libshutdown$$0000000E      0x000002e6   Section        0  libshutdown2.o(.ARM.Collect$$libshutdown$$0000000E)
    .ARM.Collect$$libshutdown$$0000000F      0x000002e6   Section        2  libshutdown2.o(.ARM.Collect$$libshutdown$$0000000F)
    .ARM.Collect$$rtentry$$00000000          0x000002e8   Section        0  __rtentry.o(.ARM.Collect$$rtentry$$00000000)
    .ARM.Collect$$rtentry$$00000002          0x000002e8   Section        0  __rtentry2.o(.ARM.Collect$$rtentry$$00000002)
    .ARM.Collect$$rtentry$$00000004          0x000002e8   Section        6  __rtentry4.o(.ARM.Collect$$rtentry$$00000004)
    .ARM.Collect$$rtentry$$00000009          0x000002ee   Section        0  __rtentry2.o(.ARM.Collect$$rtentry$$00000009)
    .ARM.Collect$$rtentry$$0000000A          0x000002ee   Section        4  __rtentry2.o(.ARM.Collect$$rtentry$$0000000A)
    .ARM.Collect$$rtentry$$0000000C          0x000002f2   Section        0  __rtentry2.o(.ARM.Collect$$rtentry$$0000000C)
    .ARM.Collect$$rtentry$$0000000D          0x000002f2   Section        8  __rtentry2.o(.ARM.Collect$$rtentry$$0000000D)
    .ARM.Collect$$rtexit$$00000000           0x000002fa   Section        2  rtexit.o(.ARM.Collect$$rtexit$$00000000)
    .ARM.Collect$$rtexit$$00000002           0x000002fc   Section        0  rtexit2.o(.ARM.Collect$$rtexit$$00000002)
    .ARM.Collect$$rtexit$$00000003           0x000002fc   Section        4  rtexit2.o(.ARM.Collect$$rtexit$$00000003)
    .ARM.Collect$$rtexit$$00000004           0x00000300   Section        6  rtexit2.o(.ARM.Collect$$rtexit$$00000004)
    .text                                    0x00000308   Section       48  startup_tm4c123.o(.text)
    $v0                                      0x00000308   Number         0  startup_tm4c123.o(.text)
    .text                                    0x00000338   Section        0  heapauxi.o(.text)
    .text                                    0x0000033e   Section       74  sys_stackheap_outer.o(.text)
    .text                                    0x00000388   Section        0  exit.o(.text)
    .text                                    0x00000394   Section        8  libspace.o(.text)
    .text                                    0x0000039c   Section        0  sys_exit.o(.text)
    .text                                    0x000003a8   Section        2  use_no_semi.o(.text)
    .text                                    0x000003aa   Section        0  indicate_semi.o(.text)
    i.New_Line                               0x000003aa   Section        0  uart.o(i.New_Line)
    i.PLL_Init                               0x00000418   Section        0  pll.o(i.PLL_Init)
    i.PWM                                    0x00000494   Section        0  main.o(i.PWM)
    i.PWM2                                   0x000004b4   Section        0  main.o(i.PWM2)
    i.PWM_Init                               0x000004d4   Section        0  main.o(i.PWM_Init)
    i.Print_Space                            0x0000067c   Section        0  uart.o(i.Print_Space)
    i.QEI0_Init                              0x000006d0   Section        0  main.o(i.QEI0_Init)
    i.QEI1_Init                              0x000006fc   Section        0  main.o(i.QEI1_Init)
    i.Switch_Init                            0x00000794   Section        0  main.o(i.Switch_Init)
    i.SysTick_Init                           0x00000830   Section        0  systick.o(i.SysTick_Init)
    i.SysTick_Wait                           0x0000083e   Section        0  systick.o(i.SysTick_Wait)
    i.SysTick_Wait10ms                       0x0000085c   Section        0  systick.o(i.SysTick_Wait10ms)
    i.UART1_OutChar                          0x00000878   Section        0  uart.o(i.UART1_OutChar)
    i.UART2_OutChar                          0x00000890   Section        0  uart.o(i.UART2_OutChar)
    i.UART3_OutChar                          0x000008a8   Section        0  uart.o(i.UART3_OutChar)
    i.UART4_OutChar                          0x000008c0   Section        0  uart.o(i.UART4_OutChar)
    i.UART5_Init                             0x000008d8   Section        0  uart.o(i.UART5_Init)
    i.UART5_OutChar                          0x00000994   Section        0  uart.o(i.UART5_OutChar)
    i.UART7_OutChar                          0x000009ac   Section        0  uart.o(i.UART7_OutChar)
    i.UART_OutUDec                           0x000009c4   Section        0  uart.o(i.UART_OutUDec)
    i.main                                   0x00000a44   Section        0  main.o(i.main)
    x$fpl$fpinit                             0x00000abc   Section       10  fpinit.o(x$fpl$fpinit)
    $v0                                      0x00000abc   Number         0  fpinit.o(x$fpl$fpinit)
    .bss                                     0x20000000   Section       96  libspace.o(.bss)
    HEAP                                     0x20000060   Section        0  startup_tm4c123.o(HEAP)
    STACK                                    0x20000060   Section     1024  startup_tm4c123.o(STACK)
    HeapMem                                  0x20000060   Data           0  startup_tm4c123.o(HEAP)
    StackMem                                 0x20000060   Data           0  startup_tm4c123.o(STACK)

    Global Symbols

    Symbol Name                              Value     Ov Type        Size  Object(Section)

    BuildAttributes$$THM_ISAv4$E$P$D$K$B$S$7EM$VFPi3$EXTD16$VFPS$VFMA$PE$A:L22UL41UL21$X:L11$S22US41US21$IEEE1$IW$USESV6$~STKCKD$USESV7$~SHL$OSPACE$ROPI$EBA8$UX$STANDARDLIB$REQ8$PRES8$EABIv2 0x00000000   Number         0  anon$$obj.o ABSOLUTE
    __ARM_use_no_argv                        0x00000000   Number         0  main.o ABSOLUTE
    __Vectors                                0x00000000   Data           0  startup_tm4c123.o(RESET)
    __ARM_exceptions_init                     - Undefined Weak Reference
    __alloca_initialize                       - Undefined Weak Reference
    __arm_preinit_                            - Undefined Weak Reference
    __cpp_initialize__aeabi_                  - Undefined Weak Reference
    __cxa_finalize                            - Undefined Weak Reference
    __rt_locale                               - Undefined Weak Reference
    __sigvec_lookup                           - Undefined Weak Reference
    _atexit_init                              - Undefined Weak Reference
    _call_atexit_fns                          - Undefined Weak Reference
    _clock_init                               - Undefined Weak Reference
    _fp_trap_init                             - Undefined Weak Reference
    _fp_trap_shutdown                         - Undefined Weak Reference
    _get_lc_collate                           - Undefined Weak Reference
    _get_lc_ctype                             - Undefined Weak Reference
    _get_lc_monetary                          - Undefined Weak Reference
    _get_lc_numeric                           - Undefined Weak Reference
    _get_lc_time                              - Undefined Weak Reference
    _getenv_init                              - Undefined Weak Reference
    _handle_redirection                       - Undefined Weak Reference
    _init_alloc                               - Undefined Weak Reference
    _init_user_alloc                          - Undefined Weak Reference
    _initio                                   - Undefined Weak Reference
    _rand_init                                - Undefined Weak Reference
    _signal_finish                            - Undefined Weak Reference
    _signal_init                              - Undefined Weak Reference
    _terminate_alloc                          - Undefined Weak Reference
    _terminate_user_alloc                     - Undefined Weak Reference
    _terminateio                              - Undefined Weak Reference
    Reset_Handler                            0x0000026d   Thumb Code     0  startup_tm4c123.o(RESET)
    NMI_Handler                              0x00000271   Thumb Code     2  startup_tm4c123.o(RESET)
    HardFault_Handler                        0x00000273   Thumb Code     2  startup_tm4c123.o(RESET)
    MemManage_Handler                        0x00000275   Thumb Code     2  startup_tm4c123.o(RESET)
    BusFault_Handler                         0x00000277   Thumb Code     2  startup_tm4c123.o(RESET)
    UsageFault_Handler                       0x00000279   Thumb Code     2  startup_tm4c123.o(RESET)
    SVC_Handler                              0x0000027b   Thumb Code     2  startup_tm4c123.o(RESET)
    DebugMon_Handler                         0x0000027d   Thumb Code     2  startup_tm4c123.o(RESET)
    PendSV_Handler                           0x0000027f   Thumb Code     2  startup_tm4c123.o(RESET)
    SysTick_Handler                          0x00000281   Thumb Code     2  startup_tm4c123.o(RESET)
    ADC0Seq0_Handler                         0x00000283   Thumb Code     0  startup_tm4c123.o(RESET)
    ADC0Seq1_Handler                         0x00000283   Thumb Code     0  startup_tm4c123.o(RESET)
    ADC0Seq2_Handler                         0x00000283   Thumb Code     0  startup_tm4c123.o(RESET)
    ADC0Seq3_Handler                         0x00000283   Thumb Code     0  startup_tm4c123.o(RESET)
    ADC1Seq0_Handler                         0x00000283   Thumb Code     0  startup_tm4c123.o(RESET)
    ADC1Seq1_Handler                         0x00000283   Thumb Code     0  startup_tm4c123.o(RESET)
    ADC1Seq2_Handler                         0x00000283   Thumb Code     0  startup_tm4c123.o(RESET)
    ADC1Seq3_Handler                         0x00000283   Thumb Code     0  startup_tm4c123.o(RESET)
    CAN0_Handler                             0x00000283   Thumb Code     0  startup_tm4c123.o(RESET)
    CAN1_Handler                             0x00000283   Thumb Code     0  startup_tm4c123.o(RESET)
    CAN2_Handler                             0x00000283   Thumb Code     0  startup_tm4c123.o(RESET)
    Comp0_Handler                            0x00000283   Thumb Code     0  startup_tm4c123.o(RESET)
    Comp1_Handler                            0x00000283   Thumb Code     0  startup_tm4c123.o(RESET)
    Comp2_Handler                            0x00000283   Thumb Code     0  startup_tm4c123.o(RESET)
    Ethernet_Handler                         0x00000283   Thumb Code     0  startup_tm4c123.o(RESET)
    ExtBus_Handler                           0x00000283   Thumb Code     0  startup_tm4c123.o(RESET)
    FPU_Handler                              0x00000283   Thumb Code     0  startup_tm4c123.o(RESET)
    Fan0_Handler                             0x00000283   Thumb Code     0  startup_tm4c123.o(RESET)
    FlashCtl_Handler                         0x00000283   Thumb Code     0  startup_tm4c123.o(RESET)
    GPIOPortA_Handler                        0x00000283   Thumb Code     0  startup_tm4c123.o(RESET)
    GPIOPortB_Handler                        0x00000283   Thumb Code     0  startup_tm4c123.o(RESET)
    GPIOPortC_Handler                        0x00000283   Thumb Code     0  startup_tm4c123.o(RESET)
    GPIOPortD_Handler                        0x00000283   Thumb Code     0  startup_tm4c123.o(RESET)
    GPIOPortE_Handler                        0x00000283   Thumb Code     0  startup_tm4c123.o(RESET)
    GPIOPortF_Handler                        0x00000283   Thumb Code     0  startup_tm4c123.o(RESET)
    GPIOPortG_Handler                        0x00000283   Thumb Code     0  startup_tm4c123.o(RESET)
    GPIOPortH_Handler                        0x00000283   Thumb Code     0  startup_tm4c123.o(RESET)
    GPIOPortJ_Handler                        0x00000283   Thumb Code     0  startup_tm4c123.o(RESET)
    GPIOPortK_Handler                        0x00000283   Thumb Code     0  startup_tm4c123.o(RESET)
    GPIOPortL_Handler                        0x00000283   Thumb Code     0  startup_tm4c123.o(RESET)
    GPIOPortM_Handler                        0x00000283   Thumb Code     0  startup_tm4c123.o(RESET)
    GPIOPortN_Handler                        0x00000283   Thumb Code     0  startup_tm4c123.o(RESET)
    GPIOPortP1_Handler                       0x00000283   Thumb Code     0  startup_tm4c123.o(RESET)
    GPIOPortP2_Handler                       0x00000283   Thumb Code     0  startup_tm4c123.o(RESET)
    GPIOPortP3_Handler                       0x00000283   Thumb Code     0  startup_tm4c123.o(RESET)
    GPIOPortP4_Handler                       0x00000283   Thumb Code     0  startup_tm4c123.o(RESET)
    GPIOPortP5_Handler                       0x00000283   Thumb Code     0  startup_tm4c123.o(RESET)
    GPIOPortP6_Handler                       0x00000283   Thumb Code     0  startup_tm4c123.o(RESET)
    GPIOPortP7_Handler                       0x00000283   Thumb Code     0  startup_tm4c123.o(RESET)
    GPIOPortP_Handler                        0x00000283   Thumb Code     0  startup_tm4c123.o(RESET)
    GPIOPortQ1_Handler                       0x00000283   Thumb Code     0  startup_tm4c123.o(RESET)
    GPIOPortQ2_Handler                       0x00000283   Thumb Code     0  startup_tm4c123.o(RESET)
    GPIOPortQ3_Handler                       0x00000283   Thumb Code     0  startup_tm4c123.o(RESET)
    GPIOPortQ4_Handler                       0x00000283   Thumb Code     0  startup_tm4c123.o(RESET)
    GPIOPortQ5_Handler                       0x00000283   Thumb Code     0  startup_tm4c123.o(RESET)
    GPIOPortQ6_Handler                       0x00000283   Thumb Code     0  startup_tm4c123.o(RESET)
    GPIOPortQ7_Handler                       0x00000283   Thumb Code     0  startup_tm4c123.o(RESET)
    GPIOPortQ_Handler                        0x00000283   Thumb Code     0  startup_tm4c123.o(RESET)
    GPIOPortR_Handler                        0x00000283   Thumb Code     0  startup_tm4c123.o(RESET)
    GPIOPortS_Handler                        0x00000283   Thumb Code     0  startup_tm4c123.o(RESET)
    Hibernate_Handler                        0x00000283   Thumb Code     0  startup_tm4c123.o(RESET)
    I2C0_Handler                             0x00000283   Thumb Code     0  startup_tm4c123.o(RESET)
    I2C1_Handler                             0x00000283   Thumb Code     0  startup_tm4c123.o(RESET)
    I2C2_Handler                             0x00000283   Thumb Code     0  startup_tm4c123.o(RESET)
    I2C3_Handler                             0x00000283   Thumb Code     0  startup_tm4c123.o(RESET)
    I2C4_Handler                             0x00000283   Thumb Code     0  startup_tm4c123.o(RESET)
    I2C5_Handler                             0x00000283   Thumb Code     0  startup_tm4c123.o(RESET)
    I2S0_Handler                             0x00000283   Thumb Code     0  startup_tm4c123.o(RESET)
    LPC0_Handler                             0x00000283   Thumb Code     0  startup_tm4c123.o(RESET)
    PECI0_Handler                            0x00000283   Thumb Code     0  startup_tm4c123.o(RESET)
    PWM0Fault_Handler                        0x00000283   Thumb Code     0  startup_tm4c123.o(RESET)
    PWM0Generator0_Handler                   0x00000283   Thumb Code     0  startup_tm4c123.o(RESET)
    PWM0Generator1_Handler                   0x00000283   Thumb Code     0  startup_tm4c123.o(RESET)
    PWM0Generator2_Handler                   0x00000283   Thumb Code     0  startup_tm4c123.o(RESET)
    PWM0Generator3_Handler                   0x00000283   Thumb Code     0  startup_tm4c123.o(RESET)
    PWM1Fault_Handler                        0x00000283   Thumb Code     0  startup_tm4c123.o(RESET)
    PWM1Generator0_Handler                   0x00000283   Thumb Code     0  startup_tm4c123.o(RESET)
    PWM1Generator1_Handler                   0x00000283   Thumb Code     0  startup_tm4c123.o(RESET)
    PWM1Generator2_Handler                   0x00000283   Thumb Code     0  startup_tm4c123.o(RESET)
    PWM1Generator3_Handler                   0x00000283   Thumb Code     0  startup_tm4c123.o(RESET)
    Quadrature0_Handler                      0x00000283   Thumb Code     0  startup_tm4c123.o(RESET)
    Quadrature1_Handler                      0x00000283   Thumb Code     0  startup_tm4c123.o(RESET)
    Quadrature2_Handler                      0x00000283   Thumb Code     0  startup_tm4c123.o(RESET)
    SSI0_Handler                             0x00000283   Thumb Code     0  startup_tm4c123.o(RESET)
    SSI1_Handler                             0x00000283   Thumb Code     0  startup_tm4c123.o(RESET)
    SSI2_Handler                             0x00000283   Thumb Code     0  startup_tm4c123.o(RESET)
    SSI3_Handler                             0x00000283   Thumb Code     0  startup_tm4c123.o(RESET)
    SysCtl_Handler                           0x00000283   Thumb Code     0  startup_tm4c123.o(RESET)
    Timer0A_Handler                          0x00000283   Thumb Code     0  startup_tm4c123.o(RESET)
    Timer0B_Handler                          0x00000283   Thumb Code     0  startup_tm4c123.o(RESET)
    Timer1A_Handler                          0x00000283   Thumb Code     0  startup_tm4c123.o(RESET)
    Timer1B_Handler                          0x00000283   Thumb Code     0  startup_tm4c123.o(RESET)
    Timer2A_Handler                          0x00000283   Thumb Code     0  startup_tm4c123.o(RESET)
    Timer2B_Handler                          0x00000283   Thumb Code     0  startup_tm4c123.o(RESET)
    Timer3A_Handler                          0x00000283   Thumb Code     0  startup_tm4c123.o(RESET)
    Timer3B_Handler                          0x00000283   Thumb Code     0  startup_tm4c123.o(RESET)
    Timer4A_Handler                          0x00000283   Thumb Code     0  startup_tm4c123.o(RESET)
    Timer4B_Handler                          0x00000283   Thumb Code     0  startup_tm4c123.o(RESET)
    Timer5A_Handler                          0x00000283   Thumb Code     0  startup_tm4c123.o(RESET)
    Timer5B_Handler                          0x00000283   Thumb Code     0  startup_tm4c123.o(RESET)
    UART0_Handler                            0x00000283   Thumb Code     0  startup_tm4c123.o(RESET)
    UART1_Handler                            0x00000283   Thumb Code     0  startup_tm4c123.o(RESET)
    UART2_Handler                            0x00000283   Thumb Code     0  startup_tm4c123.o(RESET)
    UART3_Handler                            0x00000283   Thumb Code     0  startup_tm4c123.o(RESET)
    UART4_Handler                            0x00000283   Thumb Code     0  startup_tm4c123.o(RESET)
    UART5_Handler                            0x00000283   Thumb Code     0  startup_tm4c123.o(RESET)
    UART6_Handler                            0x00000283   Thumb Code     0  startup_tm4c123.o(RESET)
    UART7_Handler                            0x00000283   Thumb Code     0  startup_tm4c123.o(RESET)
    USB0_Handler                             0x00000283   Thumb Code     0  startup_tm4c123.o(RESET)
    WDT_Handler                              0x00000283   Thumb Code     0  startup_tm4c123.o(RESET)
    WideTimer0A_Handler                      0x00000283   Thumb Code     0  startup_tm4c123.o(RESET)
    WideTimer0B_Handler                      0x00000283   Thumb Code     0  startup_tm4c123.o(RESET)
    WideTimer1A_Handler                      0x00000283   Thumb Code     0  startup_tm4c123.o(RESET)
    WideTimer1B_Handler                      0x00000283   Thumb Code     0  startup_tm4c123.o(RESET)
    WideTimer2A_Handler                      0x00000283   Thumb Code     0  startup_tm4c123.o(RESET)
    WideTimer2B_Handler                      0x00000283   Thumb Code     0  startup_tm4c123.o(RESET)
    WideTimer3A_Handler                      0x00000283   Thumb Code     0  startup_tm4c123.o(RESET)
    WideTimer3B_Handler                      0x00000283   Thumb Code     0  startup_tm4c123.o(RESET)
    WideTimer4A_Handler                      0x00000283   Thumb Code     0  startup_tm4c123.o(RESET)
    WideTimer4B_Handler                      0x00000283   Thumb Code     0  startup_tm4c123.o(RESET)
    WideTimer5A_Handler                      0x00000283   Thumb Code     0  startup_tm4c123.o(RESET)
    WideTimer5B_Handler                      0x00000283   Thumb Code     0  startup_tm4c123.o(RESET)
    uDMA_Error                               0x00000283   Thumb Code     0  startup_tm4c123.o(RESET)
    uDMA_Handler                             0x00000283   Thumb Code     0  startup_tm4c123.o(RESET)
    __main                                   0x00000285   Thumb Code     8  __main.o(!!!main)
    __scatterload                            0x0000028d   Thumb Code     0  __scatter.o(!!!scatter)
    __scatterload_rt2                        0x0000028d   Thumb Code    44  __scatter.o(!!!scatter)
    __scatterload_rt2_thumb_only             0x0000028d   Thumb Code     0  __scatter.o(!!!scatter)
    __scatterload_null                       0x0000029b   Thumb Code     0  __scatter.o(!!!scatter)
    __scatterload_zeroinit                   0x000002c1   Thumb Code    28  __scatter_zi.o(!!handler_zi)
    __rt_lib_init                            0x000002dd   Thumb Code     0  libinit.o(.ARM.Collect$$libinit$$00000000)
    __rt_lib_init_fp_1                       0x000002df   Thumb Code     0  libinit2.o(.ARM.Collect$$libinit$$00000001)
    __rt_lib_init_alloca_1                   0x000002e3   Thumb Code     0  libinit2.o(.ARM.Collect$$libinit$$0000002E)
    __rt_lib_init_argv_1                     0x000002e3   Thumb Code     0  libinit2.o(.ARM.Collect$$libinit$$0000002C)
    __rt_lib_init_atexit_1                   0x000002e3   Thumb Code     0  libinit2.o(.ARM.Collect$$libinit$$0000001B)
    __rt_lib_init_clock_1                    0x000002e3   Thumb Code     0  libinit2.o(.ARM.Collect$$libinit$$00000021)
    __rt_lib_init_cpp_1                      0x000002e3   Thumb Code     0  libinit2.o(.ARM.Collect$$libinit$$00000032)
    __rt_lib_init_exceptions_1               0x000002e3   Thumb Code     0  libinit2.o(.ARM.Collect$$libinit$$00000030)
    __rt_lib_init_fp_trap_1                  0x000002e3   Thumb Code     0  libinit2.o(.ARM.Collect$$libinit$$0000001F)
    __rt_lib_init_getenv_1                   0x000002e3   Thumb Code     0  libinit2.o(.ARM.Collect$$libinit$$00000023)
    __rt_lib_init_heap_1                     0x000002e3   Thumb Code     0  libinit2.o(.ARM.Collect$$libinit$$0000000A)
    __rt_lib_init_lc_collate_1               0x000002e3   Thumb Code     0  libinit2.o(.ARM.Collect$$libinit$$00000011)
    __rt_lib_init_lc_ctype_1                 0x000002e3   Thumb Code     0  libinit2.o(.ARM.Collect$$libinit$$00000013)
    __rt_lib_init_lc_monetary_1              0x000002e3   Thumb Code     0  libinit2.o(.ARM.Collect$$libinit$$00000015)
    __rt_lib_init_lc_numeric_1               0x000002e3   Thumb Code     0  libinit2.o(.ARM.Collect$$libinit$$00000017)
    __rt_lib_init_lc_time_1                  0x000002e3   Thumb Code     0  libinit2.o(.ARM.Collect$$libinit$$00000019)
    __rt_lib_init_preinit_1                  0x000002e3   Thumb Code     0  libinit2.o(.ARM.Collect$$libinit$$00000004)
    __rt_lib_init_rand_1                     0x000002e3   Thumb Code     0  libinit2.o(.ARM.Collect$$libinit$$0000000E)
    __rt_lib_init_return                     0x000002e3   Thumb Code     0  libinit2.o(.ARM.Collect$$libinit$$00000033)
    __rt_lib_init_signal_1                   0x000002e3   Thumb Code     0  libinit2.o(.ARM.Collect$$libinit$$0000001D)
    __rt_lib_init_stdio_1                    0x000002e3   Thumb Code     0  libinit2.o(.ARM.Collect$$libinit$$00000025)
    __rt_lib_init_user_alloc_1               0x000002e3   Thumb Code     0  libinit2.o(.ARM.Collect$$libinit$$0000000C)
    __rt_lib_shutdown                        0x000002e5   Thumb Code     0  libshutdown.o(.ARM.Collect$$libshutdown$$00000000)
    __rt_lib_shutdown_fp_trap_1              0x000002e7   Thumb Code     0  libshutdown2.o(.ARM.Collect$$libshutdown$$00000006)
    __rt_lib_shutdown_heap_1                 0x000002e7   Thumb Code     0  libshutdown2.o(.ARM.Collect$$libshutdown$$0000000E)
    __rt_lib_shutdown_return                 0x000002e7   Thumb Code     0  libshutdown2.o(.ARM.Collect$$libshutdown$$0000000F)
    __rt_lib_shutdown_signal_1               0x000002e7   Thumb Code     0  libshutdown2.o(.ARM.Collect$$libshutdown$$00000009)
    __rt_lib_shutdown_stdio_1                0x000002e7   Thumb Code     0  libshutdown2.o(.ARM.Collect$$libshutdown$$00000003)
    __rt_lib_shutdown_user_alloc_1           0x000002e7   Thumb Code     0  libshutdown2.o(.ARM.Collect$$libshutdown$$0000000B)
    __rt_entry                               0x000002e9   Thumb Code     0  __rtentry.o(.ARM.Collect$$rtentry$$00000000)
    __rt_entry_presh_1                       0x000002e9   Thumb Code     0  __rtentry2.o(.ARM.Collect$$rtentry$$00000002)
    __rt_entry_sh                            0x000002e9   Thumb Code     0  __rtentry4.o(.ARM.Collect$$rtentry$$00000004)
    __rt_entry_li                            0x000002ef   Thumb Code     0  __rtentry2.o(.ARM.Collect$$rtentry$$0000000A)
    __rt_entry_postsh_1                      0x000002ef   Thumb Code     0  __rtentry2.o(.ARM.Collect$$rtentry$$00000009)
    __rt_entry_main                          0x000002f3   Thumb Code     0  __rtentry2.o(.ARM.Collect$$rtentry$$0000000D)
    __rt_entry_postli_1                      0x000002f3   Thumb Code     0  __rtentry2.o(.ARM.Collect$$rtentry$$0000000C)
    __rt_exit                                0x000002fb   Thumb Code     0  rtexit.o(.ARM.Collect$$rtexit$$00000000)
    __rt_exit_ls                             0x000002fd   Thumb Code     0  rtexit2.o(.ARM.Collect$$rtexit$$00000003)
    __rt_exit_prels_1                        0x000002fd   Thumb Code     0  rtexit2.o(.ARM.Collect$$rtexit$$00000002)
    __rt_exit_exit                           0x00000301   Thumb Code     0  rtexit2.o(.ARM.Collect$$rtexit$$00000004)
    DisableInterrupts                        0x00000309   Thumb Code     0  startup_tm4c123.o(.text)
    EnableInterrupts                         0x0000030d   Thumb Code     0  startup_tm4c123.o(.text)
    StartCritical                            0x00000311   Thumb Code     0  startup_tm4c123.o(.text)
    EndCritical                              0x00000319   Thumb Code     0  startup_tm4c123.o(.text)
    WaitForInterrupt                         0x0000031f   Thumb Code     0  startup_tm4c123.o(.text)
    __user_initial_stackheap                 0x00000323   Thumb Code     0  startup_tm4c123.o(.text)
    __use_two_region_memory                  0x00000339   Thumb Code     2  heapauxi.o(.text)
    __rt_heap_escrow$2region                 0x0000033b   Thumb Code     2  heapauxi.o(.text)
    __rt_heap_expand$2region                 0x0000033d   Thumb Code     2  heapauxi.o(.text)
    __user_setup_stackheap                   0x0000033f   Thumb Code    74  sys_stackheap_outer.o(.text)
    exit                                     0x00000389   Thumb Code    12  exit.o(.text)
    __user_libspace                          0x00000395   Thumb Code     8  libspace.o(.text)
    __user_perproc_libspace                  0x00000395   Thumb Code     0  libspace.o(.text)
    __user_perthread_libspace                0x00000395   Thumb Code     0  libspace.o(.text)
    _sys_exit                                0x0000039d   Thumb Code     8  sys_exit.o(.text)
    __I$use$semihosting                      0x000003a9   Thumb Code     0  use_no_semi.o(.text)
    __use_no_semihosting_swi                 0x000003a9   Thumb Code     2  use_no_semi.o(.text)
    New_Line                                 0x000003ab   Thumb Code   108  uart.o(i.New_Line)
    __semihosting_library_function           0x000003ab   Thumb Code     0  indicate_semi.o(.text)
    PLL_Init                                 0x00000419   Thumb Code   120  pll.o(i.PLL_Init)
    PWM                                      0x00000495   Thumb Code    24  main.o(i.PWM)
    PWM2                                     0x000004b5   Thumb Code    26  main.o(i.PWM2)
    PWM_Init                                 0x000004d5   Thumb Code   378  main.o(i.PWM_Init)
    Print_Space                              0x0000067d   Thumb Code    82  uart.o(i.Print_Space)
    QEI0_Init                                0x000006d1   Thumb Code    34  main.o(i.QEI0_Init)
    QEI1_Init                                0x000006fd   Thumb Code   124  main.o(i.QEI1_Init)
    Switch_Init                              0x00000795   Thumb Code   130  main.o(i.Switch_Init)
    SysTick_Init                             0x00000831   Thumb Code    14  systick.o(i.SysTick_Init)
    SysTick_Wait                             0x0000083f   Thumb Code    30  systick.o(i.SysTick_Wait)
    SysTick_Wait10ms                         0x0000085d   Thumb Code    22  systick.o(i.SysTick_Wait10ms)
    UART1_OutChar                            0x00000879   Thumb Code    20  uart.o(i.UART1_OutChar)
    UART2_OutChar                            0x00000891   Thumb Code    20  uart.o(i.UART2_OutChar)
    UART3_OutChar                            0x000008a9   Thumb Code    20  uart.o(i.UART3_OutChar)
    UART4_OutChar                            0x000008c1   Thumb Code    20  uart.o(i.UART4_OutChar)
    UART5_Init                               0x000008d9   Thumb Code   158  uart.o(i.UART5_Init)
    UART5_OutChar                            0x00000995   Thumb Code    20  uart.o(i.UART5_OutChar)
    UART7_OutChar                            0x000009ad   Thumb Code    20  uart.o(i.UART7_OutChar)
    UART_OutUDec                             0x000009c5   Thumb Code   126  uart.o(i.UART_OutUDec)
    main                                     0x00000a45   Thumb Code   112  main.o(i.main)
    _fp_init                                 0x00000abd   Thumb Code    10  fpinit.o(x$fpl$fpinit)
    __fplib_config_fpu_vfp                   0x00000ac5   Thumb Code     0  fpinit.o(x$fpl$fpinit)
    __fplib_config_pureend_doubles           0x00000ac5   Thumb Code     0  fpinit.o(x$fpl$fpinit)
    Region$$Table$$Base                      0x00000ac8   Number         0  anon$$obj.o(Region$$Table)
    Region$$Table$$Limit                     0x00000ad8   Number         0  anon$$obj.o(Region$$Table)
    __libspace_start                         0x20000000   Data          96  libspace.o(.bss)
    __temporary_stack_top$libspace           0x20000060   Data           0  libspace.o(.bss)



==============================================================================

Memory Map of the image

  Image Entry point : 0x0000026d

  Load Region LR_1 (Base: 0x00000000, Size: 0x00000ad8, Max: 0xffffffff, ABSOLUTE)

    Execution Region ER_RO (Base: 0x00000000, Size: 0x00000ad8, Max: 0xffffffff, ABSOLUTE)

    Base Addr    Size         Type   Attr      Idx    E Section Name        Object

    0x00000000   0x00000284   Code   RO           91  * RESET               startup_tm4c123.o
    0x00000284   0x00000008   Code   RO          314  * !!!main             c_w.l(__main.o)
    0x0000028c   0x00000034   Code   RO          470    !!!scatter          c_w.l(__scatter.o)
    0x000002c0   0x0000001c   Code   RO          472    !!handler_zi        c_w.l(__scatter_zi.o)
    0x000002dc   0x00000002   Code   RO          341    .ARM.Collect$$libinit$$00000000  c_w.l(libinit.o)
    0x000002de   0x00000004   Code   RO          347    .ARM.Collect$$libinit$$00000001  c_w.l(libinit2.o)
    0x000002e2   0x00000000   Code   RO          350    .ARM.Collect$$libinit$$00000004  c_w.l(libinit2.o)
    0x000002e2   0x00000000   Code   RO          353    .ARM.Collect$$libinit$$0000000A  c_w.l(libinit2.o)
    0x000002e2   0x00000000   Code   RO          355    .ARM.Collect$$libinit$$0000000C  c_w.l(libinit2.o)
    0x000002e2   0x00000000   Code   RO          357    .ARM.Collect$$libinit$$0000000E  c_w.l(libinit2.o)
    0x000002e2   0x00000000   Code   RO          360    .ARM.Collect$$libinit$$00000011  c_w.l(libinit2.o)
    0x000002e2   0x00000000   Code   RO          362    .ARM.Collect$$libinit$$00000013  c_w.l(libinit2.o)
    0x000002e2   0x00000000   Code   RO          364    .ARM.Collect$$libinit$$00000015  c_w.l(libinit2.o)
    0x000002e2   0x00000000   Code   RO          366    .ARM.Collect$$libinit$$00000017  c_w.l(libinit2.o)
    0x000002e2   0x00000000   Code   RO          368    .ARM.Collect$$libinit$$00000019  c_w.l(libinit2.o)
    0x000002e2   0x00000000   Code   RO          370    .ARM.Collect$$libinit$$0000001B  c_w.l(libinit2.o)
    0x000002e2   0x00000000   Code   RO          372    .ARM.Collect$$libinit$$0000001D  c_w.l(libinit2.o)
    0x000002e2   0x00000000   Code   RO          374    .ARM.Collect$$libinit$$0000001F  c_w.l(libinit2.o)
    0x000002e2   0x00000000   Code   RO          376    .ARM.Collect$$libinit$$00000021  c_w.l(libinit2.o)
    0x000002e2   0x00000000   Code   RO          378    .ARM.Collect$$libinit$$00000023  c_w.l(libinit2.o)
    0x000002e2   0x00000000   Code   RO          380    .ARM.Collect$$libinit$$00000025  c_w.l(libinit2.o)
    0x000002e2   0x00000000   Code   RO          384    .ARM.Collect$$libinit$$0000002C  c_w.l(libinit2.o)
    0x000002e2   0x00000000   Code   RO          386    .ARM.Collect$$libinit$$0000002E  c_w.l(libinit2.o)
    0x000002e2   0x00000000   Code   RO          388    .ARM.Collect$$libinit$$00000030  c_w.l(libinit2.o)
    0x000002e2   0x00000000   Code   RO          390    .ARM.Collect$$libinit$$00000032  c_w.l(libinit2.o)
    0x000002e2   0x00000002   Code   RO          391    .ARM.Collect$$libinit$$00000033  c_w.l(libinit2.o)
    0x000002e4   0x00000002   Code   RO          411    .ARM.Collect$$libshutdown$$00000000  c_w.l(libshutdown.o)
    0x000002e6   0x00000000   Code   RO          425    .ARM.Collect$$libshutdown$$00000003  c_w.l(libshutdown2.o)
    0x000002e6   0x00000000   Code   RO          428    .ARM.Collect$$libshutdown$$00000006  c_w.l(libshutdown2.o)
    0x000002e6   0x00000000   Code   RO          431    .ARM.Collect$$libshutdown$$00000009  c_w.l(libshutdown2.o)
    0x000002e6   0x00000000   Code   RO          433    .ARM.Collect$$libshutdown$$0000000B  c_w.l(libshutdown2.o)
    0x000002e6   0x00000000   Code   RO          436    .ARM.Collect$$libshutdown$$0000000E  c_w.l(libshutdown2.o)
    0x000002e6   0x00000002   Code   RO          437    .ARM.Collect$$libshutdown$$0000000F  c_w.l(libshutdown2.o)
    0x000002e8   0x00000000   Code   RO          316    .ARM.Collect$$rtentry$$00000000  c_w.l(__rtentry.o)
    0x000002e8   0x00000000   Code   RO          318    .ARM.Collect$$rtentry$$00000002  c_w.l(__rtentry2.o)
    0x000002e8   0x00000006   Code   RO          330    .ARM.Collect$$rtentry$$00000004  c_w.l(__rtentry4.o)
    0x000002ee   0x00000000   Code   RO          320    .ARM.Collect$$rtentry$$00000009  c_w.l(__rtentry2.o)
    0x000002ee   0x00000004   Code   RO          321    .ARM.Collect$$rtentry$$0000000A  c_w.l(__rtentry2.o)
    0x000002f2   0x00000000   Code   RO          323    .ARM.Collect$$rtentry$$0000000C  c_w.l(__rtentry2.o)
    0x000002f2   0x00000008   Code   RO          324    .ARM.Collect$$rtentry$$0000000D  c_w.l(__rtentry2.o)
    0x000002fa   0x00000002   Code   RO          345    .ARM.Collect$$rtexit$$00000000  c_w.l(rtexit.o)
    0x000002fc   0x00000000   Code   RO          393    .ARM.Collect$$rtexit$$00000002  c_w.l(rtexit2.o)
    0x000002fc   0x00000004   Code   RO          394    .ARM.Collect$$rtexit$$00000003  c_w.l(rtexit2.o)
    0x00000300   0x00000006   Code   RO          395    .ARM.Collect$$rtexit$$00000004  c_w.l(rtexit2.o)
    0x00000306   0x00000002   PAD
    0x00000308   0x00000030   Code   RO           92    .text               startup_tm4c123.o
    0x00000338   0x00000006   Code   RO          312    .text               c_w.l(heapauxi.o)
    0x0000033e   0x0000004a   Code   RO          332    .text               c_w.l(sys_stackheap_outer.o)
    0x00000388   0x0000000c   Code   RO          334    .text               c_w.l(exit.o)
    0x00000394   0x00000008   Code   RO          342    .text               c_w.l(libspace.o)
    0x0000039c   0x0000000c   Code   RO          403    .text               c_w.l(sys_exit.o)
    0x000003a8   0x00000002   Code   RO          414    .text               c_w.l(use_no_semi.o)
    0x000003aa   0x00000000   Code   RO          416    .text               c_w.l(indicate_semi.o)
    0x000003aa   0x0000006c   Code   RO          136    i.New_Line          uart.o
    0x00000416   0x00000002   PAD
    0x00000418   0x0000007c   Code   RO           98    i.PLL_Init          pll.o
    0x00000494   0x00000020   Code   RO            3    i.PWM               main.o
    0x000004b4   0x00000020   Code   RO            4    i.PWM2              main.o
    0x000004d4   0x000001a8   Code   RO            5    i.PWM_Init          main.o
    0x0000067c   0x00000052   Code   RO          137    i.Print_Space       uart.o
    0x000006ce   0x00000002   PAD
    0x000006d0   0x0000002c   Code   RO            6    i.QEI0_Init         main.o
    0x000006fc   0x00000098   Code   RO            7    i.QEI1_Init         main.o
    0x00000794   0x0000009c   Code   RO            8    i.Switch_Init       main.o
    0x00000830   0x0000000e   Code   RO          110    i.SysTick_Init      systick.o
    0x0000083e   0x0000001e   Code   RO          111    i.SysTick_Wait      systick.o
    0x0000085c   0x0000001c   Code   RO          112    i.SysTick_Wait10ms  systick.o
    0x00000878   0x00000018   Code   RO          141    i.UART1_OutChar     uart.o
    0x00000890   0x00000018   Code   RO          145    i.UART2_OutChar     uart.o
    0x000008a8   0x00000018   Code   RO          149    i.UART3_OutChar     uart.o
    0x000008c0   0x00000018   Code   RO          153    i.UART4_OutChar     uart.o
    0x000008d8   0x000000bc   Code   RO          156    i.UART5_Init        uart.o
    0x00000994   0x00000018   Code   RO          157    i.UART5_OutChar     uart.o
    0x000009ac   0x00000018   Code   RO          161    i.UART7_OutChar     uart.o
    0x000009c4   0x0000007e   Code   RO          162    i.UART_OutUDec      uart.o
    0x00000a42   0x00000002   PAD
    0x00000a44   0x00000078   Code   RO            9    i.main              main.o
    0x00000abc   0x0000000a   Code   RO          401    x$fpl$fpinit        fz_wm.l(fpinit.o)
    0x00000ac6   0x00000002   PAD
    0x00000ac8   0x00000010   Data   RO          468    Region$$Table       anon$$obj.o


    Execution Region ER_RW (Base: 0x20000000, Size: 0x00000000, Max: 0xffffffff, ABSOLUTE)

    **** No section assigned to this execution region ****


    Execution Region ER_ZI (Base: 0x20000000, Size: 0x00000460, Max: 0xffffffff, ABSOLUTE)

    Base Addr    Size         Type   Attr      Idx    E Section Name        Object

    0x20000000   0x00000060   Zero   RW          343    .bss                c_w.l(libspace.o)
    0x20000060   0x00000000   Zero   RW           90    HEAP                startup_tm4c123.o
    0x20000060   0x00000400   Zero   RW           89    STACK               startup_tm4c123.o


==============================================================================

Image component sizes


      Code (inc. data)   RO Data    RW Data    ZI Data      Debug   Object Name

       960        132          0          0          0       8105   main.o
       124          4          0          0          0        463   pll.o
       692        632          0          0       1024       1028   startup_tm4c123.o
        72          6          0          0          0       1485   systick.o
       648         78          0          0          0       5145   uart.o

    ----------------------------------------------------------------------
      2502        852         16          0       1024      16226   Object Totals
         0          0         16          0          0          0   (incl. Generated)
         6          0          0          0          0          0   (incl. Padding)

    ----------------------------------------------------------------------

      Code (inc. data)   RO Data    RW Data    ZI Data      Debug   Library Member Name

         8          0          0          0          0         68   __main.o
         0          0          0          0          0          0   __rtentry.o
        12          0          0          0          0          0   __rtentry2.o
         6          0          0          0          0          0   __rtentry4.o
        52          8          0          0          0          0   __scatter.o
        28          0          0          0          0          0   __scatter_zi.o
        12          0          0          0          0         72   exit.o
         6          0          0          0          0        152   heapauxi.o
         0          0          0          0          0          0   indicate_semi.o
         2          0          0          0          0          0   libinit.o
         6          0          0          0          0          0   libinit2.o
         2          0          0          0          0          0   libshutdown.o
         2          0          0          0          0          0   libshutdown2.o
         8          4          0          0         96         68   libspace.o
         2          0          0          0          0          0   rtexit.o
        10          0          0          0          0          0   rtexit2.o
        12          4          0          0          0         68   sys_exit.o
        74          0          0          0          0         80   sys_stackheap_outer.o
         2          0          0          0          0         68   use_no_semi.o
        10          0          0          0          0        116   fpinit.o

    ----------------------------------------------------------------------
       258         16          0          0         96        692   Library Totals
         4          0          0          0          0          0   (incl. Padding)

    ----------------------------------------------------------------------

      Code (inc. data)   RO Data    RW Data    ZI Data      Debug   Library Name

       244         16          0          0         96        576   c_w.l
        10          0          0          0          0        116   fz_wm.l

    ----------------------------------------------------------------------
       258         16          0          0         96        692   Library Totals

    ----------------------------------------------------------------------

==============================================================================


      Code (inc. data)   RO Data    RW Data    ZI Data      Debug   

      2760        868         16          0       1120      15094   Grand Totals
      2760        868         16          0       1120      15094   ELF Image Totals
      2760        868         16          0          0          0   ROM Totals

==============================================================================

    Total RO  Size (Code + RO Data)                 2776 (   2.71kB)
    Total RW  Size (RW Data + ZI Data)              1120 (   1.09kB)
    Total ROM Size (Code + RO Data + RW Data)       2776 (   2.71kB)

==============================================================================

